Oct 16 12:27:01 DEV-JS-4-131 rsyslogd: [origin software="rsyslogd" swVersion="5.8.10" x-pid="2648" x-info="http://www.rsyslog.com"] rsyslogd was HUPed
Oct 16 12:27:08 DEV-JS-4-131 rhsmd: In order for Subscription Manager to provide your system with updates, your system must be registered with the Customer Portal. Please enter your Red Hat login to ensure your system is up-to-date.
Oct 16 17:17:43 DEV-JS-4-131 kernel: imklog 5.8.10, log source = /proc/kmsg started.
Oct 16 17:17:43 DEV-JS-4-131 rsyslogd: [origin software="rsyslogd" swVersion="5.8.10" x-pid="2134" x-info="http://www.rsyslog.com"] start
Oct 16 17:17:43 DEV-JS-4-131 kernel: Initializing cgroup subsys cpuset
Oct 16 17:17:43 DEV-JS-4-131 kernel: Initializing cgroup subsys cpu
Oct 16 17:17:43 DEV-JS-4-131 kernel: Linux version 2.6.32-431.el6.x86_64 (mockbuild@x86-023.build.eng.bos.redhat.com) (gcc version 4.4.7 20120313 (Red Hat 4.4.7-4) (GCC) ) #1 SMP Sun Nov 10 22:19:54 EST 2013
Oct 16 17:17:43 DEV-JS-4-131 kernel: Command line: ro root=/dev/mapper/VolGroup-lv_root rd_NO_LUKS LANG=en_US.UTF-8 rd_NO_MD rd_LVM_LV=VolGroup/lv_swap SYSFONT=latarcyrheb-sun16 crashkernel=auto rd_LVM_LV=VolGroup/lv_root  KEYBOARDTYPE=pc KEYTABLE=us rd_NO_DM rhgb quiet
Oct 16 17:17:43 DEV-JS-4-131 kernel: KERNEL supported cpus:
Oct 16 17:17:43 DEV-JS-4-131 kernel:  Intel GenuineIntel
Oct 16 17:17:43 DEV-JS-4-131 kernel:  AMD AuthenticAMD
Oct 16 17:17:43 DEV-JS-4-131 kernel:  Centaur CentaurHauls
Oct 16 17:17:43 DEV-JS-4-131 kernel: Disabled fast string operations
Oct 16 17:17:43 DEV-JS-4-131 kernel: BIOS-provided physical RAM map:
Oct 16 17:17:43 DEV-JS-4-131 kernel: BIOS-e820: 0000000000000000 - 000000000009e800 (usable)
Oct 16 17:17:43 DEV-JS-4-131 kernel: BIOS-e820: 000000000009e800 - 00000000000a0000 (reserved)
Oct 16 17:17:43 DEV-JS-4-131 kernel: BIOS-e820: 00000000000dc000 - 0000000000100000 (reserved)
Oct 16 17:17:43 DEV-JS-4-131 kernel: BIOS-e820: 0000000000100000 - 00000000bfed0000 (usable)
Oct 16 17:17:43 DEV-JS-4-131 kernel: BIOS-e820: 00000000bfed0000 - 00000000bfeff000 (ACPI data)
Oct 16 17:17:43 DEV-JS-4-131 kernel: BIOS-e820: 00000000bfeff000 - 00000000bff00000 (ACPI NVS)
Oct 16 17:17:43 DEV-JS-4-131 kernel: BIOS-e820: 00000000bff00000 - 00000000c0000000 (usable)
Oct 16 17:17:43 DEV-JS-4-131 kernel: BIOS-e820: 00000000f0000000 - 00000000f8000000 (reserved)
Oct 16 17:17:43 DEV-JS-4-131 kernel: BIOS-e820: 00000000fec00000 - 00000000fec10000 (reserved)
Oct 16 17:17:43 DEV-JS-4-131 kernel: BIOS-e820: 00000000fee00000 - 00000000fee01000 (reserved)
Oct 16 17:17:43 DEV-JS-4-131 kernel: BIOS-e820: 00000000fffe0000 - 0000000100000000 (reserved)
Oct 16 17:17:43 DEV-JS-4-131 kernel: BIOS-e820: 0000000100000000 - 0000000840000000 (usable)
Oct 16 17:17:43 DEV-JS-4-131 kernel: DMI present.
Oct 16 17:17:43 DEV-JS-4-131 kernel: SMBIOS version 2.4 @ 0xF6A70
Oct 16 17:17:43 DEV-JS-4-131 kernel: Phoenix BIOS detected: BIOS may corrupt low RAM, working around it.
Oct 16 17:17:43 DEV-JS-4-131 kernel: Hypervisor detected: VMware
Oct 16 17:17:43 DEV-JS-4-131 kernel: last_pfn = 0x840000 max_arch_pfn = 0x400000000
Oct 16 17:17:43 DEV-JS-4-131 kernel: x86 PAT enabled: cpu 0, old 0x7040600070406, new 0x7010600070106
Oct 16 17:17:43 DEV-JS-4-131 kernel: total RAM covered: 32768M
Oct 16 17:17:43 DEV-JS-4-131 kernel: Found optimal setting for mtrr clean up
Oct 16 17:17:43 DEV-JS-4-131 kernel: gran_size: 64K 	chunk_size: 64K 	num_reg: 6  	lose cover RAM: 0G
Oct 16 17:17:43 DEV-JS-4-131 kernel: last_pfn = 0xc0000 max_arch_pfn = 0x400000000
Oct 16 17:17:43 DEV-JS-4-131 kernel: Using GB pages for direct mapping
Oct 16 17:17:43 DEV-JS-4-131 kernel: init_memory_mapping: 0000000000000000-00000000c0000000
Oct 16 17:17:43 DEV-JS-4-131 kernel: init_memory_mapping: 0000000100000000-0000000840000000
Oct 16 17:17:43 DEV-JS-4-131 kernel: RAMDISK: 36f31000 - 37fef661
Oct 16 17:17:43 DEV-JS-4-131 kernel: ACPI: RSDP 00000000000f6ac0 00024 (v02 PTLTD )
Oct 16 17:17:43 DEV-JS-4-131 kernel: ACPI: XSDT 00000000bfedd60b 0005C (v01 INTEL  440BX    06040000 VMW  01324272)
Oct 16 17:17:43 DEV-JS-4-131 kernel: ACPI: FACP 00000000bfefee73 000F4 (v04 INTEL  440BX    06040000 PTL  000F4240)
Oct 16 17:17:43 DEV-JS-4-131 kernel: ACPI: DSDT 00000000bfedf6b5 1F7BE (v01 PTLTD  Custom   06040000 MSFT 03000001)
Oct 16 17:17:43 DEV-JS-4-131 kernel: ACPI: FACS 00000000bfefffc0 00040
Oct 16 17:17:43 DEV-JS-4-131 kernel: ACPI: BOOT 00000000bfedf68d 00028 (v01 PTLTD  $SBFTBL$ 06040000  LTP 00000001)
Oct 16 17:17:43 DEV-JS-4-131 kernel: ACPI: APIC 00000000bfede8bd 00742 (v01 PTLTD  ? APIC   06040000  LTP 00000000)
Oct 16 17:17:43 DEV-JS-4-131 kernel: ACPI: MCFG 00000000bfede881 0003C (v01 PTLTD  $PCITBL$ 06040000  LTP 00000001)
Oct 16 17:17:43 DEV-JS-4-131 kernel: ACPI: SRAT 00000000bfedd707 008F8 (v02 VMWARE MEMPLUG  06040000 VMW  00000001)
Oct 16 17:17:43 DEV-JS-4-131 kernel: ACPI: HPET 00000000bfedd6cf 00038 (v01 VMWARE VMW HPET 06040000 VMW  00000001)
Oct 16 17:17:43 DEV-JS-4-131 kernel: ACPI: WAET 00000000bfedd6a7 00028 (v01 VMWARE VMW WAET 06040000 VMW  00000001)
Oct 16 17:17:43 DEV-JS-4-131 kernel: Setting APIC routing to physical flat.
Oct 16 17:17:43 DEV-JS-4-131 kernel: SRAT: PXM 0 -> APIC 0 -> Node 0
Oct 16 17:17:43 DEV-JS-4-131 kernel: SRAT: PXM 0 -> APIC 2 -> Node 0
Oct 16 17:17:43 DEV-JS-4-131 kernel: SRAT: PXM 0 -> APIC 4 -> Node 0
Oct 16 17:17:43 DEV-JS-4-131 kernel: SRAT: PXM 0 -> APIC 6 -> Node 0
Oct 16 17:17:43 DEV-JS-4-131 kernel: SRAT: PXM 0 -> APIC 8 -> Node 0
Oct 16 17:17:43 DEV-JS-4-131 kernel: SRAT: PXM 0 -> APIC 10 -> Node 0
Oct 16 17:17:43 DEV-JS-4-131 kernel: SRAT: PXM 0 -> APIC 12 -> Node 0
Oct 16 17:17:43 DEV-JS-4-131 kernel: SRAT: PXM 0 -> APIC 14 -> Node 0
Oct 16 17:17:43 DEV-JS-4-131 kernel: SRAT: PXM 0 -> APIC 16 -> Node 0
Oct 16 17:17:43 DEV-JS-4-131 kernel: SRAT: PXM 0 -> APIC 18 -> Node 0
Oct 16 17:17:43 DEV-JS-4-131 kernel: SRAT: PXM 0 -> APIC 20 -> Node 0
Oct 16 17:17:43 DEV-JS-4-131 kernel: SRAT: PXM 0 -> APIC 22 -> Node 0
Oct 16 17:17:43 DEV-JS-4-131 kernel: SRAT: PXM 0 -> APIC 24 -> Node 0
Oct 16 17:17:43 DEV-JS-4-131 kernel: SRAT: PXM 0 -> APIC 26 -> Node 0
Oct 16 17:17:43 DEV-JS-4-131 kernel: SRAT: PXM 0 -> APIC 28 -> Node 0
Oct 16 17:17:43 DEV-JS-4-131 kernel: SRAT: PXM 0 -> APIC 30 -> Node 0
Oct 16 17:17:43 DEV-JS-4-131 kernel: SRAT: PXM 0 -> APIC 32 -> Node 0
Oct 16 17:17:43 DEV-JS-4-131 kernel: SRAT: PXM 0 -> APIC 34 -> Node 0
Oct 16 17:17:43 DEV-JS-4-131 kernel: SRAT: PXM 0 -> APIC 36 -> Node 0
Oct 16 17:17:43 DEV-JS-4-131 kernel: SRAT: PXM 0 -> APIC 38 -> Node 0
Oct 16 17:17:43 DEV-JS-4-131 kernel: SRAT: PXM 0 -> APIC 40 -> Node 0
Oct 16 17:17:43 DEV-JS-4-131 kernel: SRAT: PXM 0 -> APIC 42 -> Node 0
Oct 16 17:17:43 DEV-JS-4-131 kernel: SRAT: PXM 0 -> APIC 44 -> Node 0
Oct 16 17:17:43 DEV-JS-4-131 kernel: SRAT: PXM 0 -> APIC 46 -> Node 0
Oct 16 17:17:43 DEV-JS-4-131 kernel: SRAT: PXM 0 -> APIC 48 -> Node 0
Oct 16 17:17:43 DEV-JS-4-131 kernel: SRAT: PXM 0 -> APIC 50 -> Node 0
Oct 16 17:17:43 DEV-JS-4-131 kernel: SRAT: PXM 0 -> APIC 52 -> Node 0
Oct 16 17:17:43 DEV-JS-4-131 kernel: SRAT: PXM 0 -> APIC 54 -> Node 0
Oct 16 17:17:43 DEV-JS-4-131 kernel: SRAT: PXM 0 -> APIC 56 -> Node 0
Oct 16 17:17:43 DEV-JS-4-131 kernel: SRAT: PXM 0 -> APIC 58 -> Node 0
Oct 16 17:17:43 DEV-JS-4-131 kernel: SRAT: PXM 0 -> APIC 60 -> Node 0
Oct 16 17:17:43 DEV-JS-4-131 kernel: SRAT: PXM 0 -> APIC 62 -> Node 0
Oct 16 17:17:43 DEV-JS-4-131 kernel: SRAT: PXM 0 -> APIC 64 -> Node 0
Oct 16 17:17:43 DEV-JS-4-131 kernel: SRAT: PXM 0 -> APIC 66 -> Node 0
Oct 16 17:17:43 DEV-JS-4-131 kernel: SRAT: PXM 0 -> APIC 68 -> Node 0
Oct 16 17:17:43 DEV-JS-4-131 kernel: SRAT: PXM 0 -> APIC 70 -> Node 0
Oct 16 17:17:43 DEV-JS-4-131 kernel: SRAT: PXM 0 -> APIC 72 -> Node 0
Oct 16 17:17:43 DEV-JS-4-131 kernel: SRAT: PXM 0 -> APIC 74 -> Node 0
Oct 16 17:17:43 DEV-JS-4-131 kernel: SRAT: PXM 0 -> APIC 76 -> Node 0
Oct 16 17:17:43 DEV-JS-4-131 kernel: SRAT: PXM 0 -> APIC 78 -> Node 0
Oct 16 17:17:43 DEV-JS-4-131 kernel: SRAT: PXM 0 -> APIC 80 -> Node 0
Oct 16 17:17:43 DEV-JS-4-131 kernel: SRAT: PXM 0 -> APIC 82 -> Node 0
Oct 16 17:17:43 DEV-JS-4-131 kernel: SRAT: PXM 0 -> APIC 84 -> Node 0
Oct 16 17:17:43 DEV-JS-4-131 kernel: SRAT: PXM 0 -> APIC 86 -> Node 0
Oct 16 17:17:43 DEV-JS-4-131 kernel: SRAT: PXM 0 -> APIC 88 -> Node 0
Oct 16 17:17:43 DEV-JS-4-131 kernel: SRAT: PXM 0 -> APIC 90 -> Node 0
Oct 16 17:17:43 DEV-JS-4-131 kernel: SRAT: PXM 0 -> APIC 92 -> Node 0
Oct 16 17:17:43 DEV-JS-4-131 kernel: SRAT: PXM 0 -> APIC 94 -> Node 0
Oct 16 17:17:43 DEV-JS-4-131 kernel: SRAT: PXM 0 -> APIC 96 -> Node 0
Oct 16 17:17:43 DEV-JS-4-131 kernel: SRAT: PXM 0 -> APIC 98 -> Node 0
Oct 16 17:17:43 DEV-JS-4-131 kernel: SRAT: PXM 0 -> APIC 100 -> Node 0
Oct 16 17:17:43 DEV-JS-4-131 kernel: SRAT: PXM 0 -> APIC 102 -> Node 0
Oct 16 17:17:43 DEV-JS-4-131 kernel: SRAT: PXM 0 -> APIC 104 -> Node 0
Oct 16 17:17:43 DEV-JS-4-131 kernel: SRAT: PXM 0 -> APIC 106 -> Node 0
Oct 16 17:17:43 DEV-JS-4-131 kernel: SRAT: PXM 0 -> APIC 108 -> Node 0
Oct 16 17:17:43 DEV-JS-4-131 kernel: SRAT: PXM 0 -> APIC 110 -> Node 0
Oct 16 17:17:43 DEV-JS-4-131 kernel: SRAT: PXM 0 -> APIC 112 -> Node 0
Oct 16 17:17:43 DEV-JS-4-131 kernel: SRAT: PXM 0 -> APIC 114 -> Node 0
Oct 16 17:17:43 DEV-JS-4-131 kernel: SRAT: PXM 0 -> APIC 116 -> Node 0
Oct 16 17:17:43 DEV-JS-4-131 kernel: SRAT: PXM 0 -> APIC 118 -> Node 0
Oct 16 17:17:43 DEV-JS-4-131 kernel: SRAT: PXM 0 -> APIC 120 -> Node 0
Oct 16 17:17:43 DEV-JS-4-131 kernel: SRAT: PXM 0 -> APIC 122 -> Node 0
Oct 16 17:17:43 DEV-JS-4-131 kernel: SRAT: PXM 0 -> APIC 124 -> Node 0
Oct 16 17:17:43 DEV-JS-4-131 kernel: SRAT: PXM 0 -> APIC 126 -> Node 0
Oct 16 17:17:43 DEV-JS-4-131 kernel: SRAT: PXM 0 -> APIC 128 -> Node 0
Oct 16 17:17:43 DEV-JS-4-131 kernel: SRAT: PXM 0 -> APIC 130 -> Node 0
Oct 16 17:17:43 DEV-JS-4-131 kernel: SRAT: PXM 0 -> APIC 132 -> Node 0
Oct 16 17:17:43 DEV-JS-4-131 kernel: SRAT: PXM 0 -> APIC 134 -> Node 0
Oct 16 17:17:43 DEV-JS-4-131 kernel: SRAT: PXM 0 -> APIC 136 -> Node 0
Oct 16 17:17:43 DEV-JS-4-131 kernel: SRAT: PXM 0 -> APIC 138 -> Node 0
Oct 16 17:17:43 DEV-JS-4-131 kernel: SRAT: PXM 0 -> APIC 140 -> Node 0
Oct 16 17:17:43 DEV-JS-4-131 kernel: SRAT: PXM 0 -> APIC 142 -> Node 0
Oct 16 17:17:43 DEV-JS-4-131 kernel: SRAT: PXM 0 -> APIC 144 -> Node 0
Oct 16 17:17:43 DEV-JS-4-131 kernel: SRAT: PXM 0 -> APIC 146 -> Node 0
Oct 16 17:17:43 DEV-JS-4-131 kernel: SRAT: PXM 0 -> APIC 148 -> Node 0
Oct 16 17:17:43 DEV-JS-4-131 kernel: SRAT: PXM 0 -> APIC 150 -> Node 0
Oct 16 17:17:43 DEV-JS-4-131 kernel: SRAT: PXM 0 -> APIC 152 -> Node 0
Oct 16 17:17:43 DEV-JS-4-131 kernel: SRAT: PXM 0 -> APIC 154 -> Node 0
Oct 16 17:17:43 DEV-JS-4-131 kernel: SRAT: PXM 0 -> APIC 156 -> Node 0
Oct 16 17:17:43 DEV-JS-4-131 kernel: SRAT: PXM 0 -> APIC 158 -> Node 0
Oct 16 17:17:43 DEV-JS-4-131 kernel: SRAT: PXM 0 -> APIC 160 -> Node 0
Oct 16 17:17:43 DEV-JS-4-131 kernel: SRAT: PXM 0 -> APIC 162 -> Node 0
Oct 16 17:17:43 DEV-JS-4-131 kernel: SRAT: PXM 0 -> APIC 164 -> Node 0
Oct 16 17:17:43 DEV-JS-4-131 kernel: SRAT: PXM 0 -> APIC 166 -> Node 0
Oct 16 17:17:43 DEV-JS-4-131 kernel: SRAT: PXM 0 -> APIC 168 -> Node 0
Oct 16 17:17:43 DEV-JS-4-131 kernel: SRAT: PXM 0 -> APIC 170 -> Node 0
Oct 16 17:17:43 DEV-JS-4-131 kernel: SRAT: PXM 0 -> APIC 172 -> Node 0
Oct 16 17:17:43 DEV-JS-4-131 kernel: SRAT: PXM 0 -> APIC 174 -> Node 0
Oct 16 17:17:43 DEV-JS-4-131 kernel: SRAT: PXM 0 -> APIC 176 -> Node 0
Oct 16 17:17:43 DEV-JS-4-131 kernel: SRAT: PXM 0 -> APIC 178 -> Node 0
Oct 16 17:17:43 DEV-JS-4-131 kernel: SRAT: PXM 0 -> APIC 180 -> Node 0
Oct 16 17:17:43 DEV-JS-4-131 kernel: SRAT: PXM 0 -> APIC 182 -> Node 0
Oct 16 17:17:43 DEV-JS-4-131 kernel: SRAT: PXM 0 -> APIC 184 -> Node 0
Oct 16 17:17:43 DEV-JS-4-131 kernel: SRAT: PXM 0 -> APIC 186 -> Node 0
Oct 16 17:17:43 DEV-JS-4-131 kernel: SRAT: PXM 0 -> APIC 188 -> Node 0
Oct 16 17:17:43 DEV-JS-4-131 kernel: SRAT: PXM 0 -> APIC 190 -> Node 0
Oct 16 17:17:43 DEV-JS-4-131 kernel: SRAT: PXM 0 -> APIC 192 -> Node 0
Oct 16 17:17:43 DEV-JS-4-131 kernel: SRAT: PXM 0 -> APIC 194 -> Node 0
Oct 16 17:17:43 DEV-JS-4-131 kernel: SRAT: PXM 0 -> APIC 196 -> Node 0
Oct 16 17:17:43 DEV-JS-4-131 kernel: SRAT: PXM 0 -> APIC 198 -> Node 0
Oct 16 17:17:43 DEV-JS-4-131 kernel: SRAT: PXM 0 -> APIC 200 -> Node 0
Oct 16 17:17:43 DEV-JS-4-131 kernel: SRAT: PXM 0 -> APIC 202 -> Node 0
Oct 16 17:17:43 DEV-JS-4-131 kernel: SRAT: PXM 0 -> APIC 204 -> Node 0
Oct 16 17:17:43 DEV-JS-4-131 kernel: SRAT: PXM 0 -> APIC 206 -> Node 0
Oct 16 17:17:43 DEV-JS-4-131 kernel: SRAT: PXM 0 -> APIC 208 -> Node 0
Oct 16 17:17:43 DEV-JS-4-131 kernel: SRAT: PXM 0 -> APIC 210 -> Node 0
Oct 16 17:17:43 DEV-JS-4-131 kernel: SRAT: PXM 0 -> APIC 212 -> Node 0
Oct 16 17:17:43 DEV-JS-4-131 kernel: SRAT: PXM 0 -> APIC 214 -> Node 0
Oct 16 17:17:43 DEV-JS-4-131 kernel: SRAT: PXM 0 -> APIC 216 -> Node 0
Oct 16 17:17:43 DEV-JS-4-131 kernel: SRAT: PXM 0 -> APIC 218 -> Node 0
Oct 16 17:17:43 DEV-JS-4-131 kernel: SRAT: PXM 0 -> APIC 220 -> Node 0
Oct 16 17:17:43 DEV-JS-4-131 kernel: SRAT: PXM 0 -> APIC 222 -> Node 0
Oct 16 17:17:43 DEV-JS-4-131 kernel: SRAT: PXM 0 -> APIC 224 -> Node 0
Oct 16 17:17:43 DEV-JS-4-131 kernel: SRAT: PXM 0 -> APIC 226 -> Node 0
Oct 16 17:17:43 DEV-JS-4-131 kernel: SRAT: PXM 0 -> APIC 228 -> Node 0
Oct 16 17:17:43 DEV-JS-4-131 kernel: SRAT: PXM 0 -> APIC 230 -> Node 0
Oct 16 17:17:43 DEV-JS-4-131 kernel: SRAT: PXM 0 -> APIC 232 -> Node 0
Oct 16 17:17:43 DEV-JS-4-131 kernel: SRAT: PXM 0 -> APIC 234 -> Node 0
Oct 16 17:17:43 DEV-JS-4-131 kernel: SRAT: PXM 0 -> APIC 236 -> Node 0
Oct 16 17:17:43 DEV-JS-4-131 kernel: SRAT: PXM 0 -> APIC 238 -> Node 0
Oct 16 17:17:43 DEV-JS-4-131 kernel: SRAT: PXM 0 -> APIC 240 -> Node 0
Oct 16 17:17:43 DEV-JS-4-131 kernel: SRAT: PXM 0 -> APIC 242 -> Node 0
Oct 16 17:17:43 DEV-JS-4-131 kernel: SRAT: PXM 0 -> APIC 244 -> Node 0
Oct 16 17:17:43 DEV-JS-4-131 kernel: SRAT: PXM 0 -> APIC 246 -> Node 0
Oct 16 17:17:43 DEV-JS-4-131 kernel: SRAT: PXM 0 -> APIC 248 -> Node 0
Oct 16 17:17:43 DEV-JS-4-131 kernel: SRAT: PXM 0 -> APIC 250 -> Node 0
Oct 16 17:17:43 DEV-JS-4-131 kernel: SRAT: PXM 0 -> APIC 252 -> Node 0
Oct 16 17:17:43 DEV-JS-4-131 kernel: SRAT: PXM 0 -> APIC 254 -> Node 0
Oct 16 17:17:43 DEV-JS-4-131 kernel: SRAT: Node 0 PXM 0 0-a0000
Oct 16 17:17:43 DEV-JS-4-131 kernel: SRAT: Node 0 PXM 0 100000-10000000
Oct 16 17:17:43 DEV-JS-4-131 kernel: SRAT: Node 0 PXM 0 10000000-c0000000
Oct 16 17:17:43 DEV-JS-4-131 kernel: SRAT: Node 0 PXM 0 100000000-840000000
Oct 16 17:17:43 DEV-JS-4-131 kernel: SRAT: Node 0 PXM 0 840000000-8040000000
Oct 16 17:17:43 DEV-JS-4-131 kernel: SRAT: hot plug zone found 840000000 - 8040000000
Oct 16 17:17:43 DEV-JS-4-131 kernel: Bootmem setup node 0 0000000000000000-0000000840000000
Oct 16 17:17:43 DEV-JS-4-131 kernel:  NODE_DATA [0000000000010000 - 0000000000043fff]
Oct 16 17:17:43 DEV-JS-4-131 kernel:  bootmap [0000000000201000 -  0000000000308fff] pages 108
Oct 16 17:17:43 DEV-JS-4-131 kernel: (7 early reservations) ==> bootmem [0000000000 - 0840000000]
Oct 16 17:17:43 DEV-JS-4-131 kernel:  #0 [0000000000 - 0000001000]   BIOS data page ==> [0000000000 - 0000001000]
Oct 16 17:17:43 DEV-JS-4-131 kernel:  #1 [0000006000 - 0000008000]       TRAMPOLINE ==> [0000006000 - 0000008000]
Oct 16 17:17:43 DEV-JS-4-131 kernel:  #2 [0001000000 - 000201faa4]    TEXT DATA BSS ==> [0001000000 - 000201faa4]
Oct 16 17:17:43 DEV-JS-4-131 kernel:  #3 [0036f31000 - 0037fef661]          RAMDISK ==> [0036f31000 - 0037fef661]
Oct 16 17:17:43 DEV-JS-4-131 kernel:  #4 [000009e800 - 0000100000]    BIOS reserved ==> [000009e800 - 0000100000]
Oct 16 17:17:43 DEV-JS-4-131 kernel:  #5 [0002020000 - 00020201f0]              BRK ==> [0002020000 - 00020201f0]
Oct 16 17:17:43 DEV-JS-4-131 kernel:  #6 [0000100000 - 0000200840]       MEMNODEMAP ==> [0000100000 - 0000200840]
Oct 16 17:17:43 DEV-JS-4-131 kernel: found SMP MP-table at [ffff8800000f6b30] f6b30
Oct 16 17:17:43 DEV-JS-4-131 kernel: Reserving 131MB of memory at 48MB for crashkernel (System RAM: 33792MB)
Oct 16 17:17:43 DEV-JS-4-131 kernel: Zone PFN ranges:
Oct 16 17:17:43 DEV-JS-4-131 kernel:  DMA      0x00000010 -> 0x00001000
Oct 16 17:17:43 DEV-JS-4-131 kernel:  DMA32    0x00001000 -> 0x00100000
Oct 16 17:17:43 DEV-JS-4-131 kernel:  Normal   0x00100000 -> 0x00840000
Oct 16 17:17:43 DEV-JS-4-131 kernel: Movable zone start PFN for each node
Oct 16 17:17:43 DEV-JS-4-131 kernel: early_node_map[4] active PFN ranges
Oct 16 17:17:43 DEV-JS-4-131 kernel:    0: 0x00000010 -> 0x0000009e
Oct 16 17:17:43 DEV-JS-4-131 kernel:    0: 0x00000100 -> 0x000bfed0
Oct 16 17:17:43 DEV-JS-4-131 kernel:    0: 0x000bff00 -> 0x000c0000
Oct 16 17:17:43 DEV-JS-4-131 kernel:    0: 0x00100000 -> 0x00840000
Oct 16 17:17:43 DEV-JS-4-131 kernel: ACPI: PM-Timer IO Port: 0x1008
Oct 16 17:17:43 DEV-JS-4-131 kernel: Setting APIC routing to physical flat.
Oct 16 17:17:43 DEV-JS-4-131 kernel: ACPI: LAPIC (acpi_id[0x00] lapic_id[0x00] enabled)
Oct 16 17:17:43 DEV-JS-4-131 kernel: ACPI: LAPIC (acpi_id[0x01] lapic_id[0x02] enabled)
Oct 16 17:17:43 DEV-JS-4-131 kernel: ACPI: LAPIC (acpi_id[0x02] lapic_id[0x04] enabled)
Oct 16 17:17:43 DEV-JS-4-131 kernel: ACPI: LAPIC (acpi_id[0x03] lapic_id[0x06] enabled)
Oct 16 17:17:43 DEV-JS-4-131 kernel: ACPI: LAPIC (acpi_id[0x04] lapic_id[0x08] enabled)
Oct 16 17:17:43 DEV-JS-4-131 kernel: ACPI: LAPIC (acpi_id[0x05] lapic_id[0x0a] enabled)
Oct 16 17:17:43 DEV-JS-4-131 kernel: ACPI: LAPIC (acpi_id[0x06] lapic_id[0x0c] enabled)
Oct 16 17:17:43 DEV-JS-4-131 kernel: ACPI: LAPIC (acpi_id[0x07] lapic_id[0x0e] enabled)
Oct 16 17:17:43 DEV-JS-4-131 kernel: ACPI: LAPIC (acpi_id[0x08] lapic_id[0x10] enabled)
Oct 16 17:17:43 DEV-JS-4-131 kernel: ACPI: LAPIC (acpi_id[0x09] lapic_id[0x12] enabled)
Oct 16 17:17:43 DEV-JS-4-131 kernel: ACPI: LAPIC (acpi_id[0x0a] lapic_id[0x14] enabled)
Oct 16 17:17:43 DEV-JS-4-131 kernel: ACPI: LAPIC (acpi_id[0x0b] lapic_id[0x16] enabled)
Oct 16 17:17:43 DEV-JS-4-131 kernel: ACPI: LAPIC (acpi_id[0x0c] lapic_id[0x18] enabled)
Oct 16 17:17:43 DEV-JS-4-131 kernel: ACPI: LAPIC (acpi_id[0x0d] lapic_id[0x1a] enabled)
Oct 16 17:17:43 DEV-JS-4-131 kernel: ACPI: LAPIC (acpi_id[0x0e] lapic_id[0x1c] enabled)
Oct 16 17:17:43 DEV-JS-4-131 kernel: ACPI: LAPIC (acpi_id[0x0f] lapic_id[0x1e] enabled)
Oct 16 17:17:43 DEV-JS-4-131 kernel: ACPI: LAPIC (acpi_id[0x10] lapic_id[0x20] disabled)
Oct 16 17:17:43 DEV-JS-4-131 kernel: ACPI: LAPIC (acpi_id[0x11] lapic_id[0x22] disabled)
Oct 16 17:17:43 DEV-JS-4-131 kernel: ACPI: LAPIC (acpi_id[0x12] lapic_id[0x24] disabled)
Oct 16 17:17:43 DEV-JS-4-131 kernel: ACPI: LAPIC (acpi_id[0x13] lapic_id[0x26] disabled)
Oct 16 17:17:43 DEV-JS-4-131 kernel: ACPI: LAPIC (acpi_id[0x14] lapic_id[0x28] disabled)
Oct 16 17:17:43 DEV-JS-4-131 kernel: ACPI: LAPIC (acpi_id[0x15] lapic_id[0x2a] disabled)
Oct 16 17:17:43 DEV-JS-4-131 kernel: ACPI: LAPIC (acpi_id[0x16] lapic_id[0x2c] disabled)
Oct 16 17:17:43 DEV-JS-4-131 kernel: ACPI: LAPIC (acpi_id[0x17] lapic_id[0x2e] disabled)
Oct 16 17:17:43 DEV-JS-4-131 kernel: ACPI: LAPIC (acpi_id[0x18] lapic_id[0x30] disabled)
Oct 16 17:17:43 DEV-JS-4-131 kernel: ACPI: LAPIC (acpi_id[0x19] lapic_id[0x32] disabled)
Oct 16 17:17:43 DEV-JS-4-131 kernel: ACPI: LAPIC (acpi_id[0x1a] lapic_id[0x34] disabled)
Oct 16 17:17:43 DEV-JS-4-131 kernel: ACPI: LAPIC (acpi_id[0x1b] lapic_id[0x36] disabled)
Oct 16 17:17:43 DEV-JS-4-131 kernel: ACPI: LAPIC (acpi_id[0x1c] lapic_id[0x38] disabled)
Oct 16 17:17:43 DEV-JS-4-131 kernel: ACPI: LAPIC (acpi_id[0x1d] lapic_id[0x3a] disabled)
Oct 16 17:17:43 DEV-JS-4-131 kernel: ACPI: LAPIC (acpi_id[0x1e] lapic_id[0x3c] disabled)
Oct 16 17:17:43 DEV-JS-4-131 kernel: ACPI: LAPIC (acpi_id[0x1f] lapic_id[0x3e] disabled)
Oct 16 17:17:43 DEV-JS-4-131 kernel: ACPI: LAPIC (acpi_id[0x20] lapic_id[0x40] disabled)
Oct 16 17:17:43 DEV-JS-4-131 kernel: ACPI: LAPIC (acpi_id[0x21] lapic_id[0x42] disabled)
Oct 16 17:17:43 DEV-JS-4-131 kernel: ACPI: LAPIC (acpi_id[0x22] lapic_id[0x44] disabled)
Oct 16 17:17:43 DEV-JS-4-131 kernel: ACPI: LAPIC (acpi_id[0x23] lapic_id[0x46] disabled)
Oct 16 17:17:43 DEV-JS-4-131 kernel: ACPI: LAPIC (acpi_id[0x24] lapic_id[0x48] disabled)
Oct 16 17:17:43 DEV-JS-4-131 kernel: ACPI: LAPIC (acpi_id[0x25] lapic_id[0x4a] disabled)
Oct 16 17:17:43 DEV-JS-4-131 kernel: ACPI: LAPIC (acpi_id[0x26] lapic_id[0x4c] disabled)
Oct 16 17:17:43 DEV-JS-4-131 kernel: ACPI: LAPIC (acpi_id[0x27] lapic_id[0x4e] disabled)
Oct 16 17:17:43 DEV-JS-4-131 kernel: ACPI: LAPIC (acpi_id[0x28] lapic_id[0x50] disabled)
Oct 16 17:17:43 DEV-JS-4-131 kernel: ACPI: LAPIC (acpi_id[0x29] lapic_id[0x52] disabled)
Oct 16 17:17:43 DEV-JS-4-131 kernel: ACPI: LAPIC (acpi_id[0x2a] lapic_id[0x54] disabled)
Oct 16 17:17:43 DEV-JS-4-131 kernel: ACPI: LAPIC (acpi_id[0x2b] lapic_id[0x56] disabled)
Oct 16 17:17:43 DEV-JS-4-131 kernel: ACPI: LAPIC (acpi_id[0x2c] lapic_id[0x58] disabled)
Oct 16 17:17:43 DEV-JS-4-131 kernel: ACPI: LAPIC (acpi_id[0x2d] lapic_id[0x5a] disabled)
Oct 16 17:17:43 DEV-JS-4-131 kernel: ACPI: LAPIC (acpi_id[0x2e] lapic_id[0x5c] disabled)
Oct 16 17:17:43 DEV-JS-4-131 kernel: ACPI: LAPIC (acpi_id[0x2f] lapic_id[0x5e] disabled)
Oct 16 17:17:43 DEV-JS-4-131 kernel: ACPI: LAPIC (acpi_id[0x30] lapic_id[0x60] disabled)
Oct 16 17:17:43 DEV-JS-4-131 kernel: ACPI: LAPIC (acpi_id[0x31] lapic_id[0x62] disabled)
Oct 16 17:17:43 DEV-JS-4-131 kernel: ACPI: LAPIC (acpi_id[0x32] lapic_id[0x64] disabled)
Oct 16 17:17:43 DEV-JS-4-131 kernel: ACPI: LAPIC (acpi_id[0x33] lapic_id[0x66] disabled)
Oct 16 17:17:43 DEV-JS-4-131 kernel: ACPI: LAPIC (acpi_id[0x34] lapic_id[0x68] disabled)
Oct 16 17:17:43 DEV-JS-4-131 kernel: ACPI: LAPIC (acpi_id[0x35] lapic_id[0x6a] disabled)
Oct 16 17:17:43 DEV-JS-4-131 kernel: ACPI: LAPIC (acpi_id[0x36] lapic_id[0x6c] disabled)
Oct 16 17:17:43 DEV-JS-4-131 kernel: ACPI: LAPIC (acpi_id[0x37] lapic_id[0x6e] disabled)
Oct 16 17:17:43 DEV-JS-4-131 kernel: ACPI: LAPIC (acpi_id[0x38] lapic_id[0x70] disabled)
Oct 16 17:17:43 DEV-JS-4-131 kernel: ACPI: LAPIC (acpi_id[0x39] lapic_id[0x72] disabled)
Oct 16 17:17:43 DEV-JS-4-131 kernel: ACPI: LAPIC (acpi_id[0x3a] lapic_id[0x74] disabled)
Oct 16 17:17:43 DEV-JS-4-131 kernel: ACPI: LAPIC (acpi_id[0x3b] lapic_id[0x76] disabled)
Oct 16 17:17:43 DEV-JS-4-131 kernel: ACPI: LAPIC (acpi_id[0x3c] lapic_id[0x78] disabled)
Oct 16 17:17:43 DEV-JS-4-131 kernel: ACPI: LAPIC (acpi_id[0x3d] lapic_id[0x7a] disabled)
Oct 16 17:17:43 DEV-JS-4-131 kernel: ACPI: LAPIC (acpi_id[0x3e] lapic_id[0x7c] disabled)
Oct 16 17:17:43 DEV-JS-4-131 kernel: ACPI: LAPIC (acpi_id[0x3f] lapic_id[0x7e] disabled)
Oct 16 17:17:43 DEV-JS-4-131 kernel: ACPI: LAPIC (acpi_id[0x40] lapic_id[0x80] disabled)
Oct 16 17:17:43 DEV-JS-4-131 kernel: ACPI: LAPIC (acpi_id[0x41] lapic_id[0x82] disabled)
Oct 16 17:17:43 DEV-JS-4-131 kernel: ACPI: LAPIC (acpi_id[0x42] lapic_id[0x84] disabled)
Oct 16 17:17:43 DEV-JS-4-131 kernel: ACPI: LAPIC (acpi_id[0x43] lapic_id[0x86] disabled)
Oct 16 17:17:43 DEV-JS-4-131 kernel: ACPI: LAPIC (acpi_id[0x44] lapic_id[0x88] disabled)
Oct 16 17:17:43 DEV-JS-4-131 kernel: ACPI: LAPIC (acpi_id[0x45] lapic_id[0x8a] disabled)
Oct 16 17:17:43 DEV-JS-4-131 kernel: ACPI: LAPIC (acpi_id[0x46] lapic_id[0x8c] disabled)
Oct 16 17:17:43 DEV-JS-4-131 kernel: ACPI: LAPIC (acpi_id[0x47] lapic_id[0x8e] disabled)
Oct 16 17:17:43 DEV-JS-4-131 kernel: ACPI: LAPIC (acpi_id[0x48] lapic_id[0x90] disabled)
Oct 16 17:17:43 DEV-JS-4-131 kernel: ACPI: LAPIC (acpi_id[0x49] lapic_id[0x92] disabled)
Oct 16 17:17:43 DEV-JS-4-131 kernel: ACPI: LAPIC (acpi_id[0x4a] lapic_id[0x94] disabled)
Oct 16 17:17:43 DEV-JS-4-131 kernel: ACPI: LAPIC (acpi_id[0x4b] lapic_id[0x96] disabled)
Oct 16 17:17:43 DEV-JS-4-131 kernel: ACPI: LAPIC (acpi_id[0x4c] lapic_id[0x98] disabled)
Oct 16 17:17:43 DEV-JS-4-131 kernel: ACPI: LAPIC (acpi_id[0x4d] lapic_id[0x9a] disabled)
Oct 16 17:17:43 DEV-JS-4-131 kernel: ACPI: LAPIC (acpi_id[0x4e] lapic_id[0x9c] disabled)
Oct 16 17:17:43 DEV-JS-4-131 kernel: ACPI: LAPIC (acpi_id[0x4f] lapic_id[0x9e] disabled)
Oct 16 17:17:43 DEV-JS-4-131 kernel: ACPI: LAPIC (acpi_id[0x50] lapic_id[0xa0] disabled)
Oct 16 17:17:43 DEV-JS-4-131 kernel: ACPI: LAPIC (acpi_id[0x51] lapic_id[0xa2] disabled)
Oct 16 17:17:43 DEV-JS-4-131 kernel: ACPI: LAPIC (acpi_id[0x52] lapic_id[0xa4] disabled)
Oct 16 17:17:43 DEV-JS-4-131 kernel: ACPI: LAPIC (acpi_id[0x53] lapic_id[0xa6] disabled)
Oct 16 17:17:43 DEV-JS-4-131 kernel: ACPI: LAPIC (acpi_id[0x54] lapic_id[0xa8] disabled)
Oct 16 17:17:43 DEV-JS-4-131 kernel: ACPI: LAPIC (acpi_id[0x55] lapic_id[0xaa] disabled)
Oct 16 17:17:43 DEV-JS-4-131 kernel: ACPI: LAPIC (acpi_id[0x56] lapic_id[0xac] disabled)
Oct 16 17:17:43 DEV-JS-4-131 kernel: ACPI: LAPIC (acpi_id[0x57] lapic_id[0xae] disabled)
Oct 16 17:17:43 DEV-JS-4-131 kernel: ACPI: LAPIC (acpi_id[0x58] lapic_id[0xb0] disabled)
Oct 16 17:17:43 DEV-JS-4-131 kernel: ACPI: LAPIC (acpi_id[0x59] lapic_id[0xb2] disabled)
Oct 16 17:17:43 DEV-JS-4-131 kernel: ACPI: LAPIC (acpi_id[0x5a] lapic_id[0xb4] disabled)
Oct 16 17:17:43 DEV-JS-4-131 kernel: ACPI: LAPIC (acpi_id[0x5b] lapic_id[0xb6] disabled)
Oct 16 17:17:43 DEV-JS-4-131 kernel: ACPI: LAPIC (acpi_id[0x5c] lapic_id[0xb8] disabled)
Oct 16 17:17:43 DEV-JS-4-131 kernel: ACPI: LAPIC (acpi_id[0x5d] lapic_id[0xba] disabled)
Oct 16 17:17:43 DEV-JS-4-131 kernel: ACPI: LAPIC (acpi_id[0x5e] lapic_id[0xbc] disabled)
Oct 16 17:17:43 DEV-JS-4-131 kernel: ACPI: LAPIC (acpi_id[0x5f] lapic_id[0xbe] disabled)
Oct 16 17:17:43 DEV-JS-4-131 kernel: ACPI: LAPIC (acpi_id[0x60] lapic_id[0xc0] disabled)
Oct 16 17:17:43 DEV-JS-4-131 kernel: ACPI: LAPIC (acpi_id[0x61] lapic_id[0xc2] disabled)
Oct 16 17:17:43 DEV-JS-4-131 kernel: ACPI: LAPIC (acpi_id[0x62] lapic_id[0xc4] disabled)
Oct 16 17:17:43 DEV-JS-4-131 kernel: ACPI: LAPIC (acpi_id[0x63] lapic_id[0xc6] disabled)
Oct 16 17:17:43 DEV-JS-4-131 kernel: ACPI: LAPIC (acpi_id[0x64] lapic_id[0xc8] disabled)
Oct 16 17:17:43 DEV-JS-4-131 kernel: ACPI: LAPIC (acpi_id[0x65] lapic_id[0xca] disabled)
Oct 16 17:17:43 DEV-JS-4-131 kernel: ACPI: LAPIC (acpi_id[0x66] lapic_id[0xcc] disabled)
Oct 16 17:17:43 DEV-JS-4-131 kernel: ACPI: LAPIC (acpi_id[0x67] lapic_id[0xce] disabled)
Oct 16 17:17:43 DEV-JS-4-131 kernel: ACPI: LAPIC (acpi_id[0x68] lapic_id[0xd0] disabled)
Oct 16 17:17:43 DEV-JS-4-131 kernel: ACPI: LAPIC (acpi_id[0x69] lapic_id[0xd2] disabled)
Oct 16 17:17:43 DEV-JS-4-131 kernel: ACPI: LAPIC (acpi_id[0x6a] lapic_id[0xd4] disabled)
Oct 16 17:17:43 DEV-JS-4-131 kernel: ACPI: LAPIC (acpi_id[0x6b] lapic_id[0xd6] disabled)
Oct 16 17:17:43 DEV-JS-4-131 kernel: ACPI: LAPIC (acpi_id[0x6c] lapic_id[0xd8] disabled)
Oct 16 17:17:43 DEV-JS-4-131 kernel: ACPI: LAPIC (acpi_id[0x6d] lapic_id[0xda] disabled)
Oct 16 17:17:43 DEV-JS-4-131 kernel: ACPI: LAPIC (acpi_id[0x6e] lapic_id[0xdc] disabled)
Oct 16 17:17:43 DEV-JS-4-131 kernel: ACPI: LAPIC (acpi_id[0x6f] lapic_id[0xde] disabled)
Oct 16 17:17:43 DEV-JS-4-131 kernel: ACPI: LAPIC (acpi_id[0x70] lapic_id[0xe0] disabled)
Oct 16 17:17:43 DEV-JS-4-131 kernel: ACPI: LAPIC (acpi_id[0x71] lapic_id[0xe2] disabled)
Oct 16 17:17:43 DEV-JS-4-131 kernel: ACPI: LAPIC (acpi_id[0x72] lapic_id[0xe4] disabled)
Oct 16 17:17:43 DEV-JS-4-131 kernel: ACPI: LAPIC (acpi_id[0x73] lapic_id[0xe6] disabled)
Oct 16 17:17:43 DEV-JS-4-131 kernel: ACPI: LAPIC (acpi_id[0x74] lapic_id[0xe8] disabled)
Oct 16 17:17:43 DEV-JS-4-131 kernel: ACPI: LAPIC (acpi_id[0x75] lapic_id[0xea] disabled)
Oct 16 17:17:43 DEV-JS-4-131 kernel: ACPI: LAPIC (acpi_id[0x76] lapic_id[0xec] disabled)
Oct 16 17:17:43 DEV-JS-4-131 kernel: ACPI: LAPIC (acpi_id[0x77] lapic_id[0xee] disabled)
Oct 16 17:17:43 DEV-JS-4-131 kernel: ACPI: LAPIC (acpi_id[0x78] lapic_id[0xf0] disabled)
Oct 16 17:17:43 DEV-JS-4-131 kernel: ACPI: LAPIC (acpi_id[0x79] lapic_id[0xf2] disabled)
Oct 16 17:17:43 DEV-JS-4-131 kernel: ACPI: LAPIC (acpi_id[0x7a] lapic_id[0xf4] disabled)
Oct 16 17:17:43 DEV-JS-4-131 kernel: ACPI: LAPIC (acpi_id[0x7b] lapic_id[0xf6] disabled)
Oct 16 17:17:43 DEV-JS-4-131 kernel: ACPI: LAPIC (acpi_id[0x7c] lapic_id[0xf8] disabled)
Oct 16 17:17:43 DEV-JS-4-131 kernel: ACPI: LAPIC (acpi_id[0x7d] lapic_id[0xfa] disabled)
Oct 16 17:17:43 DEV-JS-4-131 kernel: ACPI: LAPIC (acpi_id[0x7e] lapic_id[0xfc] disabled)
Oct 16 17:17:43 DEV-JS-4-131 kernel: ACPI: LAPIC (acpi_id[0x7f] lapic_id[0xfe] disabled)
Oct 16 17:17:43 DEV-JS-4-131 kernel: ACPI: LAPIC_NMI (acpi_id[0x00] high edge lint[0x1])
Oct 16 17:17:43 DEV-JS-4-131 kernel: ACPI: LAPIC_NMI (acpi_id[0x01] high edge lint[0x1])
Oct 16 17:17:43 DEV-JS-4-131 kernel: ACPI: LAPIC_NMI (acpi_id[0x02] high edge lint[0x1])
Oct 16 17:17:43 DEV-JS-4-131 kernel: ACPI: LAPIC_NMI (acpi_id[0x03] high edge lint[0x1])
Oct 16 17:17:43 DEV-JS-4-131 kernel: ACPI: LAPIC_NMI (acpi_id[0x04] high edge lint[0x1])
Oct 16 17:17:43 DEV-JS-4-131 kernel: ACPI: LAPIC_NMI (acpi_id[0x05] high edge lint[0x1])
Oct 16 17:17:43 DEV-JS-4-131 kernel: ACPI: LAPIC_NMI (acpi_id[0x06] high edge lint[0x1])
Oct 16 17:17:43 DEV-JS-4-131 kernel: ACPI: LAPIC_NMI (acpi_id[0x07] high edge lint[0x1])
Oct 16 17:17:43 DEV-JS-4-131 kernel: ACPI: LAPIC_NMI (acpi_id[0x08] high edge lint[0x1])
Oct 16 17:17:43 DEV-JS-4-131 kernel: ACPI: LAPIC_NMI (acpi_id[0x09] high edge lint[0x1])
Oct 16 17:17:43 DEV-JS-4-131 kernel: ACPI: LAPIC_NMI (acpi_id[0x0a] high edge lint[0x1])
Oct 16 17:17:43 DEV-JS-4-131 kernel: ACPI: LAPIC_NMI (acpi_id[0x0b] high edge lint[0x1])
Oct 16 17:17:43 DEV-JS-4-131 kernel: ACPI: LAPIC_NMI (acpi_id[0x0c] high edge lint[0x1])
Oct 16 17:17:43 DEV-JS-4-131 kernel: ACPI: LAPIC_NMI (acpi_id[0x0d] high edge lint[0x1])
Oct 16 17:17:43 DEV-JS-4-131 kernel: ACPI: LAPIC_NMI (acpi_id[0x0e] high edge lint[0x1])
Oct 16 17:17:43 DEV-JS-4-131 kernel: ACPI: LAPIC_NMI (acpi_id[0x0f] high edge lint[0x1])
Oct 16 17:17:43 DEV-JS-4-131 kernel: ACPI: LAPIC_NMI (acpi_id[0x10] high edge lint[0x1])
Oct 16 17:17:43 DEV-JS-4-131 kernel: ACPI: LAPIC_NMI (acpi_id[0x11] high edge lint[0x1])
Oct 16 17:17:43 DEV-JS-4-131 kernel: ACPI: LAPIC_NMI (acpi_id[0x12] high edge lint[0x1])
Oct 16 17:17:43 DEV-JS-4-131 kernel: ACPI: LAPIC_NMI (acpi_id[0x13] high edge lint[0x1])
Oct 16 17:17:43 DEV-JS-4-131 kernel: ACPI: LAPIC_NMI (acpi_id[0x14] high edge lint[0x1])
Oct 16 17:17:43 DEV-JS-4-131 kernel: ACPI: LAPIC_NMI (acpi_id[0x15] high edge lint[0x1])
Oct 16 17:17:43 DEV-JS-4-131 kernel: ACPI: LAPIC_NMI (acpi_id[0x16] high edge lint[0x1])
Oct 16 17:17:43 DEV-JS-4-131 kernel: ACPI: LAPIC_NMI (acpi_id[0x17] high edge lint[0x1])
Oct 16 17:17:43 DEV-JS-4-131 kernel: ACPI: LAPIC_NMI (acpi_id[0x18] high edge lint[0x1])
Oct 16 17:17:43 DEV-JS-4-131 kernel: ACPI: LAPIC_NMI (acpi_id[0x19] high edge lint[0x1])
Oct 16 17:17:43 DEV-JS-4-131 kernel: ACPI: LAPIC_NMI (acpi_id[0x1a] high edge lint[0x1])
Oct 16 17:17:43 DEV-JS-4-131 kernel: ACPI: LAPIC_NMI (acpi_id[0x1b] high edge lint[0x1])
Oct 16 17:17:43 DEV-JS-4-131 kernel: ACPI: LAPIC_NMI (acpi_id[0x1c] high edge lint[0x1])
Oct 16 17:17:43 DEV-JS-4-131 kernel: ACPI: LAPIC_NMI (acpi_id[0x1d] high edge lint[0x1])
Oct 16 17:17:43 DEV-JS-4-131 kernel: ACPI: LAPIC_NMI (acpi_id[0x1e] high edge lint[0x1])
Oct 16 17:17:43 DEV-JS-4-131 kernel: ACPI: LAPIC_NMI (acpi_id[0x1f] high edge lint[0x1])
Oct 16 17:17:43 DEV-JS-4-131 kernel: ACPI: LAPIC_NMI (acpi_id[0x20] high edge lint[0x1])
Oct 16 17:17:43 DEV-JS-4-131 kernel: ACPI: LAPIC_NMI (acpi_id[0x21] high edge lint[0x1])
Oct 16 17:17:43 DEV-JS-4-131 kernel: ACPI: LAPIC_NMI (acpi_id[0x22] high edge lint[0x1])
Oct 16 17:17:43 DEV-JS-4-131 kernel: ACPI: LAPIC_NMI (acpi_id[0x23] high edge lint[0x1])
Oct 16 17:17:43 DEV-JS-4-131 kernel: ACPI: LAPIC_NMI (acpi_id[0x24] high edge lint[0x1])
Oct 16 17:17:43 DEV-JS-4-131 kernel: ACPI: LAPIC_NMI (acpi_id[0x25] high edge lint[0x1])
Oct 16 17:17:43 DEV-JS-4-131 kernel: ACPI: LAPIC_NMI (acpi_id[0x26] high edge lint[0x1])
Oct 16 17:17:43 DEV-JS-4-131 kernel: ACPI: LAPIC_NMI (acpi_id[0x27] high edge lint[0x1])
Oct 16 17:17:43 DEV-JS-4-131 kernel: ACPI: LAPIC_NMI (acpi_id[0x28] high edge lint[0x1])
Oct 16 17:17:43 DEV-JS-4-131 kernel: ACPI: LAPIC_NMI (acpi_id[0x29] high edge lint[0x1])
Oct 16 17:17:43 DEV-JS-4-131 kernel: ACPI: LAPIC_NMI (acpi_id[0x2a] high edge lint[0x1])
Oct 16 17:17:43 DEV-JS-4-131 kernel: ACPI: LAPIC_NMI (acpi_id[0x2b] high edge lint[0x1])
Oct 16 17:17:43 DEV-JS-4-131 kernel: ACPI: LAPIC_NMI (acpi_id[0x2c] high edge lint[0x1])
Oct 16 17:17:43 DEV-JS-4-131 kernel: ACPI: LAPIC_NMI (acpi_id[0x2d] high edge lint[0x1])
Oct 16 17:17:43 DEV-JS-4-131 kernel: ACPI: LAPIC_NMI (acpi_id[0x2e] high edge lint[0x1])
Oct 16 17:17:43 DEV-JS-4-131 kernel: ACPI: LAPIC_NMI (acpi_id[0x2f] high edge lint[0x1])
Oct 16 17:17:43 DEV-JS-4-131 kernel: ACPI: LAPIC_NMI (acpi_id[0x30] high edge lint[0x1])
Oct 16 17:17:43 DEV-JS-4-131 kernel: ACPI: LAPIC_NMI (acpi_id[0x31] high edge lint[0x1])
Oct 16 17:17:43 DEV-JS-4-131 kernel: ACPI: LAPIC_NMI (acpi_id[0x32] high edge lint[0x1])
Oct 16 17:17:43 DEV-JS-4-131 kernel: ACPI: LAPIC_NMI (acpi_id[0x33] high edge lint[0x1])
Oct 16 17:17:43 DEV-JS-4-131 kernel: ACPI: LAPIC_NMI (acpi_id[0x34] high edge lint[0x1])
Oct 16 17:17:43 DEV-JS-4-131 kernel: ACPI: LAPIC_NMI (acpi_id[0x35] high edge lint[0x1])
Oct 16 17:17:43 DEV-JS-4-131 kernel: ACPI: LAPIC_NMI (acpi_id[0x36] high edge lint[0x1])
Oct 16 17:17:43 DEV-JS-4-131 kernel: ACPI: LAPIC_NMI (acpi_id[0x37] high edge lint[0x1])
Oct 16 17:17:43 DEV-JS-4-131 kernel: ACPI: LAPIC_NMI (acpi_id[0x38] high edge lint[0x1])
Oct 16 17:17:43 DEV-JS-4-131 kernel: ACPI: LAPIC_NMI (acpi_id[0x39] high edge lint[0x1])
Oct 16 17:17:43 DEV-JS-4-131 kernel: ACPI: LAPIC_NMI (acpi_id[0x3a] high edge lint[0x1])
Oct 16 17:17:43 DEV-JS-4-131 kernel: ACPI: LAPIC_NMI (acpi_id[0x3b] high edge lint[0x1])
Oct 16 17:17:43 DEV-JS-4-131 kernel: ACPI: LAPIC_NMI (acpi_id[0x3c] high edge lint[0x1])
Oct 16 17:17:43 DEV-JS-4-131 kernel: ACPI: LAPIC_NMI (acpi_id[0x3d] high edge lint[0x1])
Oct 16 17:17:43 DEV-JS-4-131 kernel: ACPI: LAPIC_NMI (acpi_id[0x3e] high edge lint[0x1])
Oct 16 17:17:43 DEV-JS-4-131 kernel: ACPI: LAPIC_NMI (acpi_id[0x3f] high edge lint[0x1])
Oct 16 17:17:43 DEV-JS-4-131 kernel: ACPI: LAPIC_NMI (acpi_id[0x40] high edge lint[0x1])
Oct 16 17:17:43 DEV-JS-4-131 kernel: ACPI: LAPIC_NMI (acpi_id[0x41] high edge lint[0x1])
Oct 16 17:17:43 DEV-JS-4-131 kernel: ACPI: LAPIC_NMI (acpi_id[0x42] high edge lint[0x1])
Oct 16 17:17:43 DEV-JS-4-131 kernel: ACPI: LAPIC_NMI (acpi_id[0x43] high edge lint[0x1])
Oct 16 17:17:43 DEV-JS-4-131 kernel: ACPI: LAPIC_NMI (acpi_id[0x44] high edge lint[0x1])
Oct 16 17:17:43 DEV-JS-4-131 kernel: ACPI: LAPIC_NMI (acpi_id[0x45] high edge lint[0x1])
Oct 16 17:17:43 DEV-JS-4-131 kernel: ACPI: LAPIC_NMI (acpi_id[0x46] high edge lint[0x1])
Oct 16 17:17:43 DEV-JS-4-131 kernel: ACPI: LAPIC_NMI (acpi_id[0x47] high edge lint[0x1])
Oct 16 17:17:43 DEV-JS-4-131 kernel: ACPI: LAPIC_NMI (acpi_id[0x48] high edge lint[0x1])
Oct 16 17:17:43 DEV-JS-4-131 kernel: ACPI: LAPIC_NMI (acpi_id[0x49] high edge lint[0x1])
Oct 16 17:17:43 DEV-JS-4-131 kernel: ACPI: LAPIC_NMI (acpi_id[0x4a] high edge lint[0x1])
Oct 16 17:17:43 DEV-JS-4-131 kernel: ACPI: LAPIC_NMI (acpi_id[0x4b] high edge lint[0x1])
Oct 16 17:17:43 DEV-JS-4-131 kernel: ACPI: LAPIC_NMI (acpi_id[0x4c] high edge lint[0x1])
Oct 16 17:17:43 DEV-JS-4-131 kernel: ACPI: LAPIC_NMI (acpi_id[0x4d] high edge lint[0x1])
Oct 16 17:17:43 DEV-JS-4-131 kernel: ACPI: LAPIC_NMI (acpi_id[0x4e] high edge lint[0x1])
Oct 16 17:17:43 DEV-JS-4-131 kernel: ACPI: LAPIC_NMI (acpi_id[0x4f] high edge lint[0x1])
Oct 16 17:17:43 DEV-JS-4-131 kernel: ACPI: LAPIC_NMI (acpi_id[0x50] high edge lint[0x1])
Oct 16 17:17:43 DEV-JS-4-131 kernel: ACPI: LAPIC_NMI (acpi_id[0x51] high edge lint[0x1])
Oct 16 17:17:43 DEV-JS-4-131 kernel: ACPI: LAPIC_NMI (acpi_id[0x52] high edge lint[0x1])
Oct 16 17:17:43 DEV-JS-4-131 kernel: ACPI: LAPIC_NMI (acpi_id[0x53] high edge lint[0x1])
Oct 16 17:17:43 DEV-JS-4-131 kernel: ACPI: LAPIC_NMI (acpi_id[0x54] high edge lint[0x1])
Oct 16 17:17:43 DEV-JS-4-131 kernel: ACPI: LAPIC_NMI (acpi_id[0x55] high edge lint[0x1])
Oct 16 17:17:43 DEV-JS-4-131 kernel: ACPI: LAPIC_NMI (acpi_id[0x56] high edge lint[0x1])
Oct 16 17:17:43 DEV-JS-4-131 kernel: ACPI: LAPIC_NMI (acpi_id[0x57] high edge lint[0x1])
Oct 16 17:17:43 DEV-JS-4-131 kernel: ACPI: LAPIC_NMI (acpi_id[0x58] high edge lint[0x1])
Oct 16 17:17:43 DEV-JS-4-131 kernel: ACPI: LAPIC_NMI (acpi_id[0x59] high edge lint[0x1])
Oct 16 17:17:43 DEV-JS-4-131 kernel: ACPI: LAPIC_NMI (acpi_id[0x5a] high edge lint[0x1])
Oct 16 17:17:43 DEV-JS-4-131 kernel: ACPI: LAPIC_NMI (acpi_id[0x5b] high edge lint[0x1])
Oct 16 17:17:43 DEV-JS-4-131 kernel: ACPI: LAPIC_NMI (acpi_id[0x5c] high edge lint[0x1])
Oct 16 17:17:43 DEV-JS-4-131 kernel: ACPI: LAPIC_NMI (acpi_id[0x5d] high edge lint[0x1])
Oct 16 17:17:43 DEV-JS-4-131 kernel: ACPI: LAPIC_NMI (acpi_id[0x5e] high edge lint[0x1])
Oct 16 17:17:43 DEV-JS-4-131 kernel: ACPI: LAPIC_NMI (acpi_id[0x5f] high edge lint[0x1])
Oct 16 17:17:43 DEV-JS-4-131 kernel: ACPI: LAPIC_NMI (acpi_id[0x60] high edge lint[0x1])
Oct 16 17:17:43 DEV-JS-4-131 kernel: ACPI: LAPIC_NMI (acpi_id[0x61] high edge lint[0x1])
Oct 16 17:17:43 DEV-JS-4-131 kernel: ACPI: LAPIC_NMI (acpi_id[0x62] high edge lint[0x1])
Oct 16 17:17:43 DEV-JS-4-131 kernel: ACPI: LAPIC_NMI (acpi_id[0x63] high edge lint[0x1])
Oct 16 17:17:43 DEV-JS-4-131 kernel: ACPI: LAPIC_NMI (acpi_id[0x64] high edge lint[0x1])
Oct 16 17:17:43 DEV-JS-4-131 kernel: ACPI: LAPIC_NMI (acpi_id[0x65] high edge lint[0x1])
Oct 16 17:17:43 DEV-JS-4-131 kernel: ACPI: LAPIC_NMI (acpi_id[0x66] high edge lint[0x1])
Oct 16 17:17:43 DEV-JS-4-131 kernel: ACPI: LAPIC_NMI (acpi_id[0x67] high edge lint[0x1])
Oct 16 17:17:43 DEV-JS-4-131 kernel: ACPI: LAPIC_NMI (acpi_id[0x68] high edge lint[0x1])
Oct 16 17:17:43 DEV-JS-4-131 kernel: ACPI: LAPIC_NMI (acpi_id[0x69] high edge lint[0x1])
Oct 16 17:17:43 DEV-JS-4-131 kernel: ACPI: LAPIC_NMI (acpi_id[0x6a] high edge lint[0x1])
Oct 16 17:17:43 DEV-JS-4-131 kernel: ACPI: LAPIC_NMI (acpi_id[0x6b] high edge lint[0x1])
Oct 16 17:17:43 DEV-JS-4-131 kernel: ACPI: LAPIC_NMI (acpi_id[0x6c] high edge lint[0x1])
Oct 16 17:17:43 DEV-JS-4-131 kernel: ACPI: LAPIC_NMI (acpi_id[0x6d] high edge lint[0x1])
Oct 16 17:17:43 DEV-JS-4-131 kernel: ACPI: LAPIC_NMI (acpi_id[0x6e] high edge lint[0x1])
Oct 16 17:17:43 DEV-JS-4-131 kernel: ACPI: LAPIC_NMI (acpi_id[0x6f] high edge lint[0x1])
Oct 16 17:17:43 DEV-JS-4-131 kernel: ACPI: LAPIC_NMI (acpi_id[0x70] high edge lint[0x1])
Oct 16 17:17:43 DEV-JS-4-131 kernel: ACPI: LAPIC_NMI (acpi_id[0x71] high edge lint[0x1])
Oct 16 17:17:43 DEV-JS-4-131 kernel: ACPI: LAPIC_NMI (acpi_id[0x72] high edge lint[0x1])
Oct 16 17:17:43 DEV-JS-4-131 kernel: ACPI: LAPIC_NMI (acpi_id[0x73] high edge lint[0x1])
Oct 16 17:17:43 DEV-JS-4-131 kernel: ACPI: LAPIC_NMI (acpi_id[0x74] high edge lint[0x1])
Oct 16 17:17:43 DEV-JS-4-131 kernel: ACPI: LAPIC_NMI (acpi_id[0x75] high edge lint[0x1])
Oct 16 17:17:43 DEV-JS-4-131 kernel: ACPI: LAPIC_NMI (acpi_id[0x76] high edge lint[0x1])
Oct 16 17:17:43 DEV-JS-4-131 kernel: ACPI: LAPIC_NMI (acpi_id[0x77] high edge lint[0x1])
Oct 16 17:17:43 DEV-JS-4-131 kernel: ACPI: LAPIC_NMI (acpi_id[0x78] high edge lint[0x1])
Oct 16 17:17:43 DEV-JS-4-131 kernel: ACPI: LAPIC_NMI (acpi_id[0x79] high edge lint[0x1])
Oct 16 17:17:43 DEV-JS-4-131 kernel: ACPI: LAPIC_NMI (acpi_id[0x7a] high edge lint[0x1])
Oct 16 17:17:43 DEV-JS-4-131 kernel: ACPI: LAPIC_NMI (acpi_id[0x7b] high edge lint[0x1])
Oct 16 17:17:43 DEV-JS-4-131 kernel: ACPI: LAPIC_NMI (acpi_id[0x7c] high edge lint[0x1])
Oct 16 17:17:43 DEV-JS-4-131 kernel: ACPI: LAPIC_NMI (acpi_id[0x7d] high edge lint[0x1])
Oct 16 17:17:43 DEV-JS-4-131 kernel: ACPI: LAPIC_NMI (acpi_id[0x7e] high edge lint[0x1])
Oct 16 17:17:43 DEV-JS-4-131 kernel: ACPI: LAPIC_NMI (acpi_id[0x7f] high edge lint[0x1])
Oct 16 17:17:43 DEV-JS-4-131 kernel: ACPI: IOAPIC (id[0x01] address[0xfec00000] gsi_base[0])
Oct 16 17:17:43 DEV-JS-4-131 kernel: IOAPIC[0]: apic_id 1, version 17, address 0xfec00000, GSI 0-23
Oct 16 17:17:43 DEV-JS-4-131 kernel: ACPI: INT_SRC_OVR (bus 0 bus_irq 0 global_irq 2 high edge)
Oct 16 17:17:43 DEV-JS-4-131 kernel: Using ACPI (MADT) for SMP configuration information
Oct 16 17:17:43 DEV-JS-4-131 kernel: ACPI: HPET id: 0x8086af01 base: 0xfed00000
Oct 16 17:17:43 DEV-JS-4-131 kernel: SMP: Allowing 128 CPUs, 112 hotplug CPUs
Oct 16 17:17:43 DEV-JS-4-131 kernel: PM: Registered nosave memory: 000000000009e000 - 000000000009f000
Oct 16 17:17:43 DEV-JS-4-131 kernel: PM: Registered nosave memory: 000000000009f000 - 00000000000a0000
Oct 16 17:17:43 DEV-JS-4-131 kernel: PM: Registered nosave memory: 00000000000a0000 - 00000000000dc000
Oct 16 17:17:43 DEV-JS-4-131 kernel: PM: Registered nosave memory: 00000000000dc000 - 0000000000100000
Oct 16 17:17:43 DEV-JS-4-131 kernel: PM: Registered nosave memory: 00000000bfed0000 - 00000000bfeff000
Oct 16 17:17:43 DEV-JS-4-131 kernel: PM: Registered nosave memory: 00000000bfeff000 - 00000000bff00000
Oct 16 17:17:43 DEV-JS-4-131 kernel: PM: Registered nosave memory: 00000000c0000000 - 00000000f0000000
Oct 16 17:17:43 DEV-JS-4-131 kernel: PM: Registered nosave memory: 00000000f0000000 - 00000000f8000000
Oct 16 17:17:43 DEV-JS-4-131 kernel: PM: Registered nosave memory: 00000000f8000000 - 00000000fec00000
Oct 16 17:17:43 DEV-JS-4-131 kernel: PM: Registered nosave memory: 00000000fec00000 - 00000000fec10000
Oct 16 17:17:43 DEV-JS-4-131 kernel: PM: Registered nosave memory: 00000000fec10000 - 00000000fee00000
Oct 16 17:17:43 DEV-JS-4-131 kernel: PM: Registered nosave memory: 00000000fee00000 - 00000000fee01000
Oct 16 17:17:43 DEV-JS-4-131 kernel: PM: Registered nosave memory: 00000000fee01000 - 00000000fffe0000
Oct 16 17:17:43 DEV-JS-4-131 kernel: PM: Registered nosave memory: 00000000fffe0000 - 0000000100000000
Oct 16 17:17:43 DEV-JS-4-131 kernel: Allocating PCI resources starting at c0000000 (gap: c0000000:30000000)
Oct 16 17:17:43 DEV-JS-4-131 kernel: Booting paravirtualized kernel on bare hardware
Oct 16 17:17:43 DEV-JS-4-131 kernel: NR_CPUS:4096 nr_cpumask_bits:128 nr_cpu_ids:128 nr_node_ids:1
Oct 16 17:17:43 DEV-JS-4-131 kernel: PERCPU: Embedded 31 pages/cpu @ffff880045800000 s94872 r8192 d23912 u131072
Oct 16 17:17:43 DEV-JS-4-131 kernel: pcpu-alloc: s94872 r8192 d23912 u131072 alloc=1*2097152
Oct 16 17:17:43 DEV-JS-4-131 kernel: pcpu-alloc: [0] 000 001 002 003 004 005 006 007 008 009 010 011 012 013 014 015 
Oct 16 17:17:43 DEV-JS-4-131 kernel: pcpu-alloc: [0] 016 017 018 019 020 021 022 023 024 025 026 027 028 029 030 031 
Oct 16 17:17:43 DEV-JS-4-131 kernel: pcpu-alloc: [0] 032 033 034 035 036 037 038 039 040 041 042 043 044 045 046 047 
Oct 16 17:17:43 DEV-JS-4-131 kernel: pcpu-alloc: [0] 048 049 050 051 052 053 054 055 056 057 058 059 060 061 062 063 
Oct 16 17:17:43 DEV-JS-4-131 kernel: pcpu-alloc: [0] 064 065 066 067 068 069 070 071 072 073 074 075 076 077 078 079 
Oct 16 17:17:43 DEV-JS-4-131 kernel: pcpu-alloc: [0] 080 081 082 083 084 085 086 087 088 089 090 091 092 093 094 095 
Oct 16 17:17:43 DEV-JS-4-131 kernel: pcpu-alloc: [0] 096 097 098 099 100 101 102 103 104 105 106 107 108 109 110 111 
Oct 16 17:17:43 DEV-JS-4-131 kernel: pcpu-alloc: [0] 112 113 114 115 116 117 118 119 120 121 122 123 124 125 126 127 
Oct 16 17:17:43 DEV-JS-4-131 kernel: Built 1 zonelists in Zone order, mobility grouping on.  Total pages: 8269818
Oct 16 17:17:43 DEV-JS-4-131 kernel: Policy zone: Normal
Oct 16 17:17:43 DEV-JS-4-131 kernel: Kernel command line: ro root=/dev/mapper/VolGroup-lv_root rd_NO_LUKS LANG=en_US.UTF-8 rd_NO_MD rd_LVM_LV=VolGroup/lv_swap SYSFONT=latarcyrheb-sun16 crashkernel=131M@0M rd_LVM_LV=VolGroup/lv_root  KEYBOARDTYPE=pc KEYTABLE=us rd_NO_DM rhgb quiet
Oct 16 17:17:43 DEV-JS-4-131 kernel: PID hash table entries: 4096 (order: 3, 32768 bytes)
Oct 16 17:17:43 DEV-JS-4-131 kernel: xsave/xrstor: enabled xstate_bv 0x7, cntxt size 0x340
Oct 16 17:17:43 DEV-JS-4-131 kernel: Checking aperture...
Oct 16 17:17:43 DEV-JS-4-131 kernel: No AGP bridge found
Oct 16 17:17:43 DEV-JS-4-131 kernel: PCI-DMA: Using software bounce buffering for IO (SWIOTLB)
Oct 16 17:17:43 DEV-JS-4-131 kernel: Placing 64MB software IO TLB between ffff880020000000 - ffff880024000000
Oct 16 17:17:43 DEV-JS-4-131 kernel: software IO TLB at phys 0x20000000 - 0x24000000
Oct 16 17:17:43 DEV-JS-4-131 kernel: Memory: 32843744k/34603008k available (5325k kernel code, 1049224k absent, 710040k reserved, 7013k data, 1276k init)
Oct 16 17:17:43 DEV-JS-4-131 kernel: Hierarchical RCU implementation.
Oct 16 17:17:43 DEV-JS-4-131 kernel: NR_IRQS:33024 nr_irqs:1432
Oct 16 17:17:43 DEV-JS-4-131 kernel: Extended CMOS year: 2000
Oct 16 17:17:43 DEV-JS-4-131 kernel: Console: colour VGA+ 80x25
Oct 16 17:17:43 DEV-JS-4-131 kernel: console [tty0] enabled
Oct 16 17:17:43 DEV-JS-4-131 kernel: allocated 134217728 bytes of page_cgroup
Oct 16 17:17:43 DEV-JS-4-131 kernel: please try 'cgroup_disable=memory' option if you don't want memory cgroups
Oct 16 17:17:43 DEV-JS-4-131 kernel: TSC freq read from hypervisor : 2394.455 MHz
Oct 16 17:17:43 DEV-JS-4-131 kernel: Detected 2394.455 MHz processor.
Oct 16 17:17:43 DEV-JS-4-131 kernel: Calibrating delay loop (skipped) preset value.. 4788.91 BogoMIPS (lpj=2394455)
Oct 16 17:17:43 DEV-JS-4-131 kernel: pid_max: default: 131072 minimum: 1024
Oct 16 17:17:43 DEV-JS-4-131 kernel: Security Framework initialized
Oct 16 17:17:43 DEV-JS-4-131 kernel: SELinux:  Initializing.
Oct 16 17:17:43 DEV-JS-4-131 kernel: Dentry cache hash table entries: 4194304 (order: 13, 33554432 bytes)
Oct 16 17:17:43 DEV-JS-4-131 kernel: Inode-cache hash table entries: 2097152 (order: 12, 16777216 bytes)
Oct 16 17:17:43 DEV-JS-4-131 kernel: Mount-cache hash table entries: 256
Oct 16 17:17:43 DEV-JS-4-131 kernel: Initializing cgroup subsys ns
Oct 16 17:17:43 DEV-JS-4-131 kernel: Initializing cgroup subsys cpuacct
Oct 16 17:17:43 DEV-JS-4-131 kernel: Initializing cgroup subsys memory
Oct 16 17:17:43 DEV-JS-4-131 kernel: Initializing cgroup subsys devices
Oct 16 17:17:43 DEV-JS-4-131 kernel: Initializing cgroup subsys freezer
Oct 16 17:17:43 DEV-JS-4-131 kernel: Initializing cgroup subsys net_cls
Oct 16 17:17:43 DEV-JS-4-131 kernel: Initializing cgroup subsys blkio
Oct 16 17:17:43 DEV-JS-4-131 kernel: Initializing cgroup subsys perf_event
Oct 16 17:17:43 DEV-JS-4-131 kernel: Initializing cgroup subsys net_prio
Oct 16 17:17:43 DEV-JS-4-131 kernel: Disabled fast string operations
Oct 16 17:17:43 DEV-JS-4-131 kernel: CPU: Physical Processor ID: 0
Oct 16 17:17:43 DEV-JS-4-131 kernel: mce: CPU supports 0 MCE banks
Oct 16 17:17:43 DEV-JS-4-131 kernel: alternatives: switching to unfair spinlock
Oct 16 17:17:43 DEV-JS-4-131 kernel: ACPI: Core revision 20090903
Oct 16 17:17:43 DEV-JS-4-131 kernel: ftrace: converting mcount calls to 0f 1f 44 00 00
Oct 16 17:17:43 DEV-JS-4-131 kernel: ftrace: allocating 21769 entries in 86 pages
Oct 16 17:17:43 DEV-JS-4-131 kernel: Enabling x2apic
Oct 16 17:17:43 DEV-JS-4-131 kernel: Enabled x2apic
Oct 16 17:17:43 DEV-JS-4-131 kernel: APIC routing finalized to physical x2apic.
Oct 16 17:17:43 DEV-JS-4-131 kernel: ..TIMER: vector=0x30 apic1=0 pin1=2 apic2=-1 pin2=-1
Oct 16 17:17:43 DEV-JS-4-131 kernel: CPU0: Intel(R) Xeon(R) CPU E5-2630 v3 @ 2.40GHz stepping 02
Oct 16 17:17:43 DEV-JS-4-131 kernel: Performance Events: generic architected perfmon v1, core PMU driver.
Oct 16 17:17:43 DEV-JS-4-131 kernel: CPUID marked event: 'cpu cycles' unavailable
Oct 16 17:17:43 DEV-JS-4-131 kernel: CPUID marked event: 'instructions' unavailable
Oct 16 17:17:43 DEV-JS-4-131 kernel: CPUID marked event: 'bus cycles' unavailable
Oct 16 17:17:43 DEV-JS-4-131 kernel: CPUID marked event: 'cache references' unavailable
Oct 16 17:17:43 DEV-JS-4-131 kernel: CPUID marked event: 'cache misses' unavailable
Oct 16 17:17:43 DEV-JS-4-131 kernel: CPUID marked event: 'branch instructions' unavailable
Oct 16 17:17:43 DEV-JS-4-131 kernel: CPUID marked event: 'branch misses' unavailable
Oct 16 17:17:43 DEV-JS-4-131 kernel: ... version:                1
Oct 16 17:17:43 DEV-JS-4-131 kernel: ... bit width:              48
Oct 16 17:17:43 DEV-JS-4-131 kernel: ... generic registers:      4
Oct 16 17:17:43 DEV-JS-4-131 kernel: ... value mask:             0000ffffffffffff
Oct 16 17:17:43 DEV-JS-4-131 kernel: ... max period:             000000007fffffff
Oct 16 17:17:43 DEV-JS-4-131 kernel: ... fixed-purpose events:   0
Oct 16 17:17:43 DEV-JS-4-131 kernel: ... event mask:             000000000000000f
Oct 16 17:17:43 DEV-JS-4-131 kernel: NMI watchdog disabled (cpu0): hardware events not enabled
Oct 16 17:17:43 DEV-JS-4-131 kernel: Booting Node   0, Processors  #1
Oct 16 17:17:43 DEV-JS-4-131 kernel: Disabled fast string operations
Oct 16 17:17:43 DEV-JS-4-131 kernel: mce: CPU supports 0 MCE banks
Oct 16 17:17:43 DEV-JS-4-131 kernel: #2
Oct 16 17:17:43 DEV-JS-4-131 kernel: Disabled fast string operations
Oct 16 17:17:43 DEV-JS-4-131 kernel: mce: CPU supports 0 MCE banks
Oct 16 17:17:43 DEV-JS-4-131 kernel: #3
Oct 16 17:17:43 DEV-JS-4-131 kernel: Disabled fast string operations
Oct 16 17:17:43 DEV-JS-4-131 kernel: mce: CPU supports 0 MCE banks
Oct 16 17:17:43 DEV-JS-4-131 kernel: #4
Oct 16 17:17:43 DEV-JS-4-131 kernel: Disabled fast string operations
Oct 16 17:17:43 DEV-JS-4-131 kernel: mce: CPU supports 0 MCE banks
Oct 16 17:17:43 DEV-JS-4-131 kernel: #5
Oct 16 17:17:43 DEV-JS-4-131 kernel: Disabled fast string operations
Oct 16 17:17:43 DEV-JS-4-131 kernel: mce: CPU supports 0 MCE banks
Oct 16 17:17:43 DEV-JS-4-131 kernel: #6
Oct 16 17:17:43 DEV-JS-4-131 kernel: Disabled fast string operations
Oct 16 17:17:43 DEV-JS-4-131 kernel: mce: CPU supports 0 MCE banks
Oct 16 17:17:43 DEV-JS-4-131 kernel: #7
Oct 16 17:17:43 DEV-JS-4-131 kernel: Disabled fast string operations
Oct 16 17:17:43 DEV-JS-4-131 kernel: mce: CPU supports 0 MCE banks
Oct 16 17:17:43 DEV-JS-4-131 kernel: #8
Oct 16 17:17:43 DEV-JS-4-131 kernel: Disabled fast string operations
Oct 16 17:17:43 DEV-JS-4-131 kernel: mce: CPU supports 0 MCE banks
Oct 16 17:17:43 DEV-JS-4-131 kernel: #9
Oct 16 17:17:43 DEV-JS-4-131 kernel: Disabled fast string operations
Oct 16 17:17:43 DEV-JS-4-131 kernel: mce: CPU supports 0 MCE banks
Oct 16 17:17:43 DEV-JS-4-131 kernel: #10
Oct 16 17:17:43 DEV-JS-4-131 kernel: Disabled fast string operations
Oct 16 17:17:43 DEV-JS-4-131 kernel: mce: CPU supports 0 MCE banks
Oct 16 17:17:43 DEV-JS-4-131 kernel: #11
Oct 16 17:17:43 DEV-JS-4-131 kernel: Disabled fast string operations
Oct 16 17:17:43 DEV-JS-4-131 kernel: mce: CPU supports 0 MCE banks
Oct 16 17:17:43 DEV-JS-4-131 kernel: #12
Oct 16 17:17:43 DEV-JS-4-131 kernel: Disabled fast string operations
Oct 16 17:17:43 DEV-JS-4-131 kernel: mce: CPU supports 0 MCE banks
Oct 16 17:17:43 DEV-JS-4-131 kernel: #13
Oct 16 17:17:43 DEV-JS-4-131 kernel: Disabled fast string operations
Oct 16 17:17:43 DEV-JS-4-131 kernel: mce: CPU supports 0 MCE banks
Oct 16 17:17:43 DEV-JS-4-131 kernel: #14
Oct 16 17:17:43 DEV-JS-4-131 kernel: Disabled fast string operations
Oct 16 17:17:43 DEV-JS-4-131 kernel: mce: CPU supports 0 MCE banks
Oct 16 17:17:43 DEV-JS-4-131 kernel: #15
Oct 16 17:17:43 DEV-JS-4-131 kernel: Disabled fast string operations
Oct 16 17:17:43 DEV-JS-4-131 kernel: mce: CPU supports 0 MCE banks
Oct 16 17:17:43 DEV-JS-4-131 kernel: Brought up 16 CPUs
Oct 16 17:17:43 DEV-JS-4-131 kernel: Total of 16 processors activated (76622.56 BogoMIPS).
Oct 16 17:17:43 DEV-JS-4-131 kernel: devtmpfs: initialized
Oct 16 17:17:43 DEV-JS-4-131 kernel: PM: Registering ACPI NVS region at bfeff000 (4096 bytes)
Oct 16 17:17:43 DEV-JS-4-131 kernel: regulator: core version 0.5
Oct 16 17:17:43 DEV-JS-4-131 kernel: NET: Registered protocol family 16
Oct 16 17:17:43 DEV-JS-4-131 kernel: ACPI: bus type pci registered
Oct 16 17:17:43 DEV-JS-4-131 kernel: PCI: MCFG configuration 0: base f0000000 segment 0 buses 0 - 127
Oct 16 17:17:43 DEV-JS-4-131 kernel: PCI: MCFG area at f0000000 reserved in E820
Oct 16 17:17:43 DEV-JS-4-131 kernel: PCI: Using MMCONFIG at f0000000 - f7ffffff
Oct 16 17:17:43 DEV-JS-4-131 kernel: PCI: Using configuration type 1 for base access
Oct 16 17:17:43 DEV-JS-4-131 kernel: bio: create slab <bio-0> at 0
Oct 16 17:17:43 DEV-JS-4-131 kernel: ACPI: BIOS _OSI(Linux) query ignored
Oct 16 17:17:43 DEV-JS-4-131 kernel: ACPI: Interpreter enabled
Oct 16 17:17:43 DEV-JS-4-131 kernel: ACPI: (supports S0 S1 S4 S5)
Oct 16 17:17:43 DEV-JS-4-131 kernel: ACPI: Using IOAPIC for interrupt routing
Oct 16 17:17:43 DEV-JS-4-131 kernel: ACPI: No dock devices found.
Oct 16 17:17:43 DEV-JS-4-131 kernel: PCI: Using host bridge windows from ACPI; if necessary, use "pci=nocrs" and report a bug
Oct 16 17:17:43 DEV-JS-4-131 kernel: ACPI: PCI Root Bridge [PCI0] (domain 0000 [bus 00-7f])
Oct 16 17:17:43 DEV-JS-4-131 kernel: pci_root PNP0A03:00: host bridge window [mem 0x000a0000-0x000bffff]
Oct 16 17:17:43 DEV-JS-4-131 kernel: pci_root PNP0A03:00: host bridge window [mem 0x000d0000-0x000d3fff]
Oct 16 17:17:43 DEV-JS-4-131 kernel: pci_root PNP0A03:00: host bridge window [mem 0x000d4000-0x000d7fff]
Oct 16 17:17:43 DEV-JS-4-131 kernel: pci_root PNP0A03:00: host bridge window [mem 0x000d8000-0x000dbfff]
Oct 16 17:17:43 DEV-JS-4-131 kernel: pci_root PNP0A03:00: host bridge window [mem 0xc0000000-0xfebfffff]
Oct 16 17:17:43 DEV-JS-4-131 kernel: pci_root PNP0A03:00: host bridge window [io  0x0000-0x0cf7]
Oct 16 17:17:43 DEV-JS-4-131 kernel: pci_root PNP0A03:00: host bridge window [io  0x0d00-0xfeff]
Oct 16 17:17:43 DEV-JS-4-131 kernel: PCI host bridge to bus 0000:00
Oct 16 17:17:43 DEV-JS-4-131 kernel: pci_bus 0000:00: root bus resource [mem 0x000a0000-0x000bffff]
Oct 16 17:17:43 DEV-JS-4-131 kernel: pci_bus 0000:00: root bus resource [mem 0x000d0000-0x000d3fff]
Oct 16 17:17:43 DEV-JS-4-131 kernel: pci_bus 0000:00: root bus resource [mem 0x000d4000-0x000d7fff]
Oct 16 17:17:43 DEV-JS-4-131 kernel: pci_bus 0000:00: root bus resource [mem 0x000d8000-0x000dbfff]
Oct 16 17:17:43 DEV-JS-4-131 kernel: pci_bus 0000:00: root bus resource [mem 0xc0000000-0xfebfffff]
Oct 16 17:17:43 DEV-JS-4-131 kernel: pci_bus 0000:00: root bus resource [io  0x0000-0x0cf7]
Oct 16 17:17:43 DEV-JS-4-131 kernel: pci_bus 0000:00: root bus resource [io  0x0d00-0xfeff]
Oct 16 17:17:43 DEV-JS-4-131 kernel: pci 0000:00:07.3: quirk: [io  0x1000-0x103f] claimed by PIIX4 ACPI
Oct 16 17:17:43 DEV-JS-4-131 kernel: pci 0000:00:07.3: quirk: [io  0x1040-0x104f] claimed by PIIX4 SMB
Oct 16 17:17:43 DEV-JS-4-131 kernel: pci 0000:00:15.0: PME# supported from D0 D3hot D3cold
Oct 16 17:17:43 DEV-JS-4-131 kernel: pci 0000:00:15.0: PME# disabled
Oct 16 17:17:43 DEV-JS-4-131 kernel: pci 0000:00:15.1: PME# supported from D0 D3hot D3cold
Oct 16 17:17:43 DEV-JS-4-131 kernel: pci 0000:00:15.1: PME# disabled
Oct 16 17:17:43 DEV-JS-4-131 kernel: pci 0000:00:15.2: PME# supported from D0 D3hot D3cold
Oct 16 17:17:43 DEV-JS-4-131 kernel: pci 0000:00:15.2: PME# disabled
Oct 16 17:17:43 DEV-JS-4-131 kernel: pci 0000:00:15.3: PME# supported from D0 D3hot D3cold
Oct 16 17:17:43 DEV-JS-4-131 kernel: pci 0000:00:15.3: PME# disabled
Oct 16 17:17:43 DEV-JS-4-131 kernel: pci 0000:00:15.4: PME# supported from D0 D3hot D3cold
Oct 16 17:17:43 DEV-JS-4-131 kernel: pci 0000:00:15.4: PME# disabled
Oct 16 17:17:43 DEV-JS-4-131 kernel: pci 0000:00:15.5: PME# supported from D0 D3hot D3cold
Oct 16 17:17:43 DEV-JS-4-131 kernel: pci 0000:00:15.5: PME# disabled
Oct 16 17:17:43 DEV-JS-4-131 kernel: pci 0000:00:15.6: PME# supported from D0 D3hot D3cold
Oct 16 17:17:43 DEV-JS-4-131 kernel: pci 0000:00:15.6: PME# disabled
Oct 16 17:17:43 DEV-JS-4-131 kernel: pci 0000:00:15.7: PME# supported from D0 D3hot D3cold
Oct 16 17:17:43 DEV-JS-4-131 kernel: pci 0000:00:15.7: PME# disabled
Oct 16 17:17:43 DEV-JS-4-131 kernel: pci 0000:00:16.0: PME# supported from D0 D3hot D3cold
Oct 16 17:17:43 DEV-JS-4-131 kernel: pci 0000:00:16.0: PME# disabled
Oct 16 17:17:43 DEV-JS-4-131 kernel: pci 0000:00:16.1: PME# supported from D0 D3hot D3cold
Oct 16 17:17:43 DEV-JS-4-131 kernel: pci 0000:00:16.1: PME# disabled
Oct 16 17:17:43 DEV-JS-4-131 kernel: pci 0000:00:16.2: PME# supported from D0 D3hot D3cold
Oct 16 17:17:43 DEV-JS-4-131 kernel: pci 0000:00:16.2: PME# disabled
Oct 16 17:17:43 DEV-JS-4-131 kernel: pci 0000:00:16.3: PME# supported from D0 D3hot D3cold
Oct 16 17:17:43 DEV-JS-4-131 kernel: pci 0000:00:16.3: PME# disabled
Oct 16 17:17:43 DEV-JS-4-131 kernel: pci 0000:00:16.4: PME# supported from D0 D3hot D3cold
Oct 16 17:17:43 DEV-JS-4-131 kernel: pci 0000:00:16.4: PME# disabled
Oct 16 17:17:43 DEV-JS-4-131 kernel: pci 0000:00:16.5: PME# supported from D0 D3hot D3cold
Oct 16 17:17:43 DEV-JS-4-131 kernel: pci 0000:00:16.5: PME# disabled
Oct 16 17:17:43 DEV-JS-4-131 kernel: pci 0000:00:16.6: PME# supported from D0 D3hot D3cold
Oct 16 17:17:43 DEV-JS-4-131 kernel: pci 0000:00:16.6: PME# disabled
Oct 16 17:17:43 DEV-JS-4-131 kernel: pci 0000:00:16.7: PME# supported from D0 D3hot D3cold
Oct 16 17:17:43 DEV-JS-4-131 kernel: pci 0000:00:16.7: PME# disabled
Oct 16 17:17:43 DEV-JS-4-131 kernel: pci 0000:00:17.0: PME# supported from D0 D3hot D3cold
Oct 16 17:17:43 DEV-JS-4-131 kernel: pci 0000:00:17.0: PME# disabled
Oct 16 17:17:43 DEV-JS-4-131 kernel: pci 0000:00:17.1: PME# supported from D0 D3hot D3cold
Oct 16 17:17:43 DEV-JS-4-131 kernel: pci 0000:00:17.1: PME# disabled
Oct 16 17:17:43 DEV-JS-4-131 kernel: pci 0000:00:17.2: PME# supported from D0 D3hot D3cold
Oct 16 17:17:43 DEV-JS-4-131 kernel: pci 0000:00:17.2: PME# disabled
Oct 16 17:17:43 DEV-JS-4-131 kernel: pci 0000:00:17.3: PME# supported from D0 D3hot D3cold
Oct 16 17:17:43 DEV-JS-4-131 kernel: pci 0000:00:17.3: PME# disabled
Oct 16 17:17:43 DEV-JS-4-131 kernel: pci 0000:00:17.4: PME# supported from D0 D3hot D3cold
Oct 16 17:17:43 DEV-JS-4-131 kernel: pci 0000:00:17.4: PME# disabled
Oct 16 17:17:43 DEV-JS-4-131 kernel: pci 0000:00:17.5: PME# supported from D0 D3hot D3cold
Oct 16 17:17:43 DEV-JS-4-131 kernel: pci 0000:00:17.5: PME# disabled
Oct 16 17:17:43 DEV-JS-4-131 kernel: pci 0000:00:17.6: PME# supported from D0 D3hot D3cold
Oct 16 17:17:43 DEV-JS-4-131 kernel: pci 0000:00:17.6: PME# disabled
Oct 16 17:17:43 DEV-JS-4-131 kernel: pci 0000:00:17.7: PME# supported from D0 D3hot D3cold
Oct 16 17:17:43 DEV-JS-4-131 kernel: pci 0000:00:17.7: PME# disabled
Oct 16 17:17:43 DEV-JS-4-131 kernel: pci 0000:00:18.0: PME# supported from D0 D3hot D3cold
Oct 16 17:17:43 DEV-JS-4-131 kernel: pci 0000:00:18.0: PME# disabled
Oct 16 17:17:43 DEV-JS-4-131 kernel: pci 0000:00:18.1: PME# supported from D0 D3hot D3cold
Oct 16 17:17:43 DEV-JS-4-131 kernel: pci 0000:00:18.1: PME# disabled
Oct 16 17:17:43 DEV-JS-4-131 kernel: pci 0000:00:18.2: PME# supported from D0 D3hot D3cold
Oct 16 17:17:43 DEV-JS-4-131 kernel: pci 0000:00:18.2: PME# disabled
Oct 16 17:17:43 DEV-JS-4-131 kernel: pci 0000:00:18.3: PME# supported from D0 D3hot D3cold
Oct 16 17:17:43 DEV-JS-4-131 kernel: pci 0000:00:18.3: PME# disabled
Oct 16 17:17:43 DEV-JS-4-131 kernel: pci 0000:00:18.4: PME# supported from D0 D3hot D3cold
Oct 16 17:17:43 DEV-JS-4-131 kernel: pci 0000:00:18.4: PME# disabled
Oct 16 17:17:43 DEV-JS-4-131 kernel: pci 0000:00:18.5: PME# supported from D0 D3hot D3cold
Oct 16 17:17:43 DEV-JS-4-131 kernel: pci 0000:00:18.5: PME# disabled
Oct 16 17:17:43 DEV-JS-4-131 kernel: pci 0000:00:18.6: PME# supported from D0 D3hot D3cold
Oct 16 17:17:43 DEV-JS-4-131 kernel: pci 0000:00:18.6: PME# disabled
Oct 16 17:17:43 DEV-JS-4-131 kernel: pci 0000:00:18.7: PME# supported from D0 D3hot D3cold
Oct 16 17:17:43 DEV-JS-4-131 kernel: pci 0000:00:18.7: PME# disabled
Oct 16 17:17:43 DEV-JS-4-131 kernel: pci 0000:00:01.0: PCI bridge to [bus 01-01]
Oct 16 17:17:43 DEV-JS-4-131 kernel: pci 0000:02:01.0: PME# supported from D3hot
Oct 16 17:17:43 DEV-JS-4-131 kernel: pci 0000:02:01.0: PME# disabled
Oct 16 17:17:43 DEV-JS-4-131 kernel: pci 0000:00:11.0: PCI bridge to [bus 02-02] (subtractive decode)
Oct 16 17:17:43 DEV-JS-4-131 kernel: pci 0000:03:00.0: PME# supported from D0 D3hot D3cold
Oct 16 17:17:43 DEV-JS-4-131 kernel: pci 0000:03:00.0: PME# disabled
Oct 16 17:17:43 DEV-JS-4-131 kernel: pci 0000:03:00.0: disabling ASPM on pre-1.1 PCIe device.  You can enable it with 'pcie_aspm=force'
Oct 16 17:17:43 DEV-JS-4-131 kernel: pci 0000:00:15.0: PCI bridge to [bus 03-03]
Oct 16 17:17:43 DEV-JS-4-131 kernel: pci 0000:00:15.1: PCI bridge to [bus 04-04]
Oct 16 17:17:43 DEV-JS-4-131 kernel: pci 0000:00:15.2: PCI bridge to [bus 05-05]
Oct 16 17:17:43 DEV-JS-4-131 kernel: pci 0000:00:15.3: PCI bridge to [bus 06-06]
Oct 16 17:17:43 DEV-JS-4-131 kernel: pci 0000:00:15.4: PCI bridge to [bus 07-07]
Oct 16 17:17:43 DEV-JS-4-131 kernel: pci 0000:00:15.5: PCI bridge to [bus 08-08]
Oct 16 17:17:43 DEV-JS-4-131 kernel: pci 0000:00:15.6: PCI bridge to [bus 09-09]
Oct 16 17:17:43 DEV-JS-4-131 kernel: pci 0000:00:15.7: PCI bridge to [bus 0a-0a]
Oct 16 17:17:43 DEV-JS-4-131 kernel: pci 0000:0b:00.0: PME# supported from D0 D1 D2 D3hot D3cold
Oct 16 17:17:43 DEV-JS-4-131 kernel: pci 0000:0b:00.0: PME# disabled
Oct 16 17:17:43 DEV-JS-4-131 kernel: pci 0000:0b:00.0: disabling ASPM on pre-1.1 PCIe device.  You can enable it with 'pcie_aspm=force'
Oct 16 17:17:43 DEV-JS-4-131 kernel: pci 0000:00:16.0: PCI bridge to [bus 0b-0b]
Oct 16 17:17:43 DEV-JS-4-131 kernel: pci 0000:00:16.1: PCI bridge to [bus 0c-0c]
Oct 16 17:17:43 DEV-JS-4-131 kernel: pci 0000:00:16.2: PCI bridge to [bus 0d-0d]
Oct 16 17:17:43 DEV-JS-4-131 kernel: pci 0000:00:16.3: PCI bridge to [bus 0e-0e]
Oct 16 17:17:43 DEV-JS-4-131 kernel: pci 0000:00:16.4: PCI bridge to [bus 0f-0f]
Oct 16 17:17:43 DEV-JS-4-131 kernel: pci 0000:00:16.5: PCI bridge to [bus 10-10]
Oct 16 17:17:43 DEV-JS-4-131 kernel: pci 0000:00:16.6: PCI bridge to [bus 11-11]
Oct 16 17:17:43 DEV-JS-4-131 kernel: pci 0000:00:16.7: PCI bridge to [bus 12-12]
Oct 16 17:17:43 DEV-JS-4-131 kernel: pci 0000:00:17.0: PCI bridge to [bus 13-13]
Oct 16 17:17:43 DEV-JS-4-131 kernel: pci 0000:00:17.1: PCI bridge to [bus 14-14]
Oct 16 17:17:43 DEV-JS-4-131 kernel: pci 0000:00:17.2: PCI bridge to [bus 15-15]
Oct 16 17:17:43 DEV-JS-4-131 kernel: pci 0000:00:17.3: PCI bridge to [bus 16-16]
Oct 16 17:17:43 DEV-JS-4-131 kernel: pci 0000:00:17.4: PCI bridge to [bus 17-17]
Oct 16 17:17:43 DEV-JS-4-131 kernel: pci 0000:00:17.5: PCI bridge to [bus 18-18]
Oct 16 17:17:43 DEV-JS-4-131 kernel: pci 0000:00:17.6: PCI bridge to [bus 19-19]
Oct 16 17:17:43 DEV-JS-4-131 kernel: pci 0000:00:17.7: PCI bridge to [bus 1a-1a]
Oct 16 17:17:43 DEV-JS-4-131 kernel: pci 0000:00:18.0: PCI bridge to [bus 1b-1b]
Oct 16 17:17:43 DEV-JS-4-131 kernel: pci 0000:00:18.1: PCI bridge to [bus 1c-1c]
Oct 16 17:17:43 DEV-JS-4-131 kernel: pci 0000:00:18.2: PCI bridge to [bus 1d-1d]
Oct 16 17:17:43 DEV-JS-4-131 kernel: pci 0000:00:18.3: PCI bridge to [bus 1e-1e]
Oct 16 17:17:43 DEV-JS-4-131 kernel: pci 0000:00:18.4: PCI bridge to [bus 1f-1f]
Oct 16 17:17:43 DEV-JS-4-131 kernel: pci 0000:00:18.5: PCI bridge to [bus 20-20]
Oct 16 17:17:43 DEV-JS-4-131 kernel: pci 0000:00:18.6: PCI bridge to [bus 21-21]
Oct 16 17:17:43 DEV-JS-4-131 kernel: pci 0000:00:18.7: PCI bridge to [bus 22-22]
Oct 16 17:17:43 DEV-JS-4-131 kernel: pci0000:00: Requesting ACPI _OSC control (0x1d)
Oct 16 17:17:43 DEV-JS-4-131 kernel: pci0000:00: ACPI _OSC control (0x15) granted
Oct 16 17:17:43 DEV-JS-4-131 kernel: ACPI: PCI Interrupt Link [LNKA] (IRQs 3 4 5 6 7 *9 10 11 14 15)
Oct 16 17:17:43 DEV-JS-4-131 kernel: ACPI: PCI Interrupt Link [LNKB] (IRQs 3 4 5 6 7 9 10 11 14 15) *0, disabled.
Oct 16 17:17:43 DEV-JS-4-131 kernel: ACPI: PCI Interrupt Link [LNKC] (IRQs 3 4 5 6 7 9 *10 11 14 15)
Oct 16 17:17:43 DEV-JS-4-131 kernel: ACPI: PCI Interrupt Link [LNKD] (IRQs 3 4 5 6 7 9 10 *11 14 15)
Oct 16 17:17:43 DEV-JS-4-131 kernel: vgaarb: device added: PCI:0000:00:0f.0,decodes=io+mem,owns=io+mem,locks=none
Oct 16 17:17:43 DEV-JS-4-131 kernel: vgaarb: loaded
Oct 16 17:17:43 DEV-JS-4-131 kernel: vgaarb: bridge control possible 0000:00:0f.0
Oct 16 17:17:43 DEV-JS-4-131 kernel: SCSI subsystem initialized
Oct 16 17:17:43 DEV-JS-4-131 kernel: usbcore: registered new interface driver usbfs
Oct 16 17:17:43 DEV-JS-4-131 kernel: usbcore: registered new interface driver hub
Oct 16 17:17:43 DEV-JS-4-131 kernel: usbcore: registered new device driver usb
Oct 16 17:17:43 DEV-JS-4-131 kernel: PCI: Using ACPI for IRQ routing
Oct 16 17:17:43 DEV-JS-4-131 kernel: lo: Dropping TSO features since no CSUM feature.
Oct 16 17:17:43 DEV-JS-4-131 kernel: NetLabel: Initializing
Oct 16 17:17:43 DEV-JS-4-131 kernel: NetLabel:  domain hash size = 128
Oct 16 17:17:43 DEV-JS-4-131 kernel: NetLabel:  protocols = UNLABELED CIPSOv4
Oct 16 17:17:43 DEV-JS-4-131 kernel: NetLabel:  unlabeled traffic allowed by default
Oct 16 17:17:43 DEV-JS-4-131 kernel: HPET: 16 timers in total, 0 timers will be used for per-cpu timer
Oct 16 17:17:43 DEV-JS-4-131 kernel: hpet0: at MMIO 0xfed00000, IRQs 2, 8, 0, 0, 0, 0, 0, 0, 0, 0, 0, 0, 0, 0, 0, 0
Oct 16 17:17:43 DEV-JS-4-131 kernel: hpet0: 16 comparators, 64-bit 14.318180 MHz counter
Oct 16 17:17:43 DEV-JS-4-131 kernel: Switching to clocksource hpet
Oct 16 17:17:43 DEV-JS-4-131 kernel: pnp: PnP ACPI init
Oct 16 17:17:43 DEV-JS-4-131 kernel: ACPI: bus type pnp registered
Oct 16 17:17:43 DEV-JS-4-131 kernel: pnp: PnP ACPI: found 12 devices
Oct 16 17:17:43 DEV-JS-4-131 kernel: ACPI: ACPI bus type pnp unregistered
Oct 16 17:17:43 DEV-JS-4-131 kernel: system 00:01: [io  0x1000-0x103f] has been reserved
Oct 16 17:17:43 DEV-JS-4-131 kernel: system 00:01: [io  0x1040-0x104f] has been reserved
Oct 16 17:17:43 DEV-JS-4-131 kernel: system 00:01: [io  0x0cf0-0x0cf1] has been reserved
Oct 16 17:17:43 DEV-JS-4-131 kernel: system 00:08: [mem 0xfed00000-0xfed003ff] has been reserved
Oct 16 17:17:43 DEV-JS-4-131 kernel: system 00:09: [io  0xfce0-0xfcff] has been reserved
Oct 16 17:17:43 DEV-JS-4-131 kernel: system 00:09: [mem 0xf0000000-0xf7ffffff] has been reserved
Oct 16 17:17:43 DEV-JS-4-131 kernel: system 00:09: [mem 0xfe800000-0xfe9fffff] has been reserved
Oct 16 17:17:43 DEV-JS-4-131 kernel: pci 0000:00:15.0: BAR 15: assigned [mem 0xc0000000-0xc00fffff pref]
Oct 16 17:17:43 DEV-JS-4-131 kernel: pci 0000:00:16.0: BAR 15: assigned [mem 0xc0100000-0xc01fffff pref]
Oct 16 17:17:43 DEV-JS-4-131 kernel: pci 0000:00:0f.0: BAR 6: assigned [mem 0xc0200000-0xc0207fff pref]
Oct 16 17:17:43 DEV-JS-4-131 kernel: pci 0000:00:18.7: BAR 13: can't assign io (size 0x1000)
Oct 16 17:17:43 DEV-JS-4-131 kernel: pci 0000:00:18.6: BAR 13: can't assign io (size 0x1000)
Oct 16 17:17:43 DEV-JS-4-131 kernel: pci 0000:00:18.5: BAR 13: can't assign io (size 0x1000)
Oct 16 17:17:43 DEV-JS-4-131 kernel: pci 0000:00:18.4: BAR 13: can't assign io (size 0x1000)
Oct 16 17:17:43 DEV-JS-4-131 kernel: pci 0000:00:18.3: BAR 13: can't assign io (size 0x1000)
Oct 16 17:17:43 DEV-JS-4-131 kernel: pci 0000:00:18.2: BAR 13: can't assign io (size 0x1000)
Oct 16 17:17:43 DEV-JS-4-131 kernel: pci 0000:00:17.7: BAR 13: can't assign io (size 0x1000)
Oct 16 17:17:43 DEV-JS-4-131 kernel: pci 0000:00:17.6: BAR 13: can't assign io (size 0x1000)
Oct 16 17:17:43 DEV-JS-4-131 kernel: pci 0000:00:17.5: BAR 13: can't assign io (size 0x1000)
Oct 16 17:17:43 DEV-JS-4-131 kernel: pci 0000:00:17.4: BAR 13: can't assign io (size 0x1000)
Oct 16 17:17:43 DEV-JS-4-131 kernel: pci 0000:00:17.3: BAR 13: can't assign io (size 0x1000)
Oct 16 17:17:43 DEV-JS-4-131 kernel: pci 0000:00:16.7: BAR 13: can't assign io (size 0x1000)
Oct 16 17:17:43 DEV-JS-4-131 kernel: pci 0000:00:16.6: BAR 13: can't assign io (size 0x1000)
Oct 16 17:17:43 DEV-JS-4-131 kernel: pci 0000:00:16.5: BAR 13: can't assign io (size 0x1000)
Oct 16 17:17:43 DEV-JS-4-131 kernel: pci 0000:00:16.4: BAR 13: can't assign io (size 0x1000)
Oct 16 17:17:43 DEV-JS-4-131 kernel: pci 0000:00:16.3: BAR 13: can't assign io (size 0x1000)
Oct 16 17:17:43 DEV-JS-4-131 kernel: pci 0000:00:15.7: BAR 13: can't assign io (size 0x1000)
Oct 16 17:17:43 DEV-JS-4-131 kernel: pci 0000:00:15.6: BAR 13: can't assign io (size 0x1000)
Oct 16 17:17:43 DEV-JS-4-131 kernel: pci 0000:00:15.5: BAR 13: can't assign io (size 0x1000)
Oct 16 17:17:43 DEV-JS-4-131 kernel: pci 0000:00:15.4: BAR 13: can't assign io (size 0x1000)
Oct 16 17:17:43 DEV-JS-4-131 kernel: pci 0000:00:15.3: BAR 13: can't assign io (size 0x1000)
Oct 16 17:17:43 DEV-JS-4-131 kernel: pci 0000:00:01.0: PCI bridge to [bus 01-01]
Oct 16 17:17:43 DEV-JS-4-131 kernel: pci 0000:00:01.0: PCI bridge to [bus 01-01]
Oct 16 17:17:43 DEV-JS-4-131 kernel: pci 0000:00:01.0:   bridge window [io  disabled]
Oct 16 17:17:43 DEV-JS-4-131 kernel: pci 0000:00:01.0:   bridge window [mem disabled]
Oct 16 17:17:43 DEV-JS-4-131 kernel: pci 0000:00:01.0:   bridge window [mem pref disabled]
Oct 16 17:17:43 DEV-JS-4-131 kernel: pci 0000:02:01.0: BAR 6: assigned [mem 0xe7b00000-0xe7b0ffff pref]
Oct 16 17:17:43 DEV-JS-4-131 kernel: pci 0000:00:11.0: PCI bridge to [bus 02-02]
Oct 16 17:17:43 DEV-JS-4-131 kernel: pci 0000:00:11.0: PCI bridge to [bus 02-02]
Oct 16 17:17:43 DEV-JS-4-131 kernel: pci 0000:00:11.0:   bridge window [io  0x2000-0x3fff]
Oct 16 17:17:43 DEV-JS-4-131 kernel: pci 0000:00:11.0:   bridge window [mem 0xfd500000-0xfdffffff]
Oct 16 17:17:43 DEV-JS-4-131 kernel: pci 0000:00:11.0:   bridge window [mem 0xe7b00000-0xe7ffffff 64bit pref]
Oct 16 17:17:43 DEV-JS-4-131 kernel: pci 0000:03:00.0: BAR 6: assigned [mem 0xc0000000-0xc000ffff pref]
Oct 16 17:17:43 DEV-JS-4-131 kernel: pci 0000:00:15.0: PCI bridge to [bus 03-03]
Oct 16 17:17:43 DEV-JS-4-131 kernel: pci 0000:00:15.0: PCI bridge to [bus 03-03]
Oct 16 17:17:43 DEV-JS-4-131 kernel: pci 0000:00:15.0:   bridge window [io  0x4000-0x4fff]
Oct 16 17:17:43 DEV-JS-4-131 kernel: pci 0000:00:15.0:   bridge window [mem 0xfd400000-0xfd4fffff]
Oct 16 17:17:43 DEV-JS-4-131 kernel: pci 0000:00:15.0:   bridge window [mem 0xc0000000-0xc00fffff pref]
Oct 16 17:17:43 DEV-JS-4-131 kernel: pci 0000:00:15.1: PCI bridge to [bus 04-04]
Oct 16 17:17:43 DEV-JS-4-131 kernel: pci 0000:00:15.1: PCI bridge to [bus 04-04]
Oct 16 17:17:43 DEV-JS-4-131 kernel: pci 0000:00:15.1:   bridge window [io  0x8000-0x8fff]
Oct 16 17:17:43 DEV-JS-4-131 kernel: pci 0000:00:15.1:   bridge window [mem 0xfd000000-0xfd0fffff]
Oct 16 17:17:43 DEV-JS-4-131 kernel: pci 0000:00:15.1:   bridge window [mem 0xe7800000-0xe78fffff 64bit pref]
Oct 16 17:17:43 DEV-JS-4-131 kernel: pci 0000:00:15.2: PCI bridge to [bus 05-05]
Oct 16 17:17:43 DEV-JS-4-131 kernel: pci 0000:00:15.2: PCI bridge to [bus 05-05]
Oct 16 17:17:43 DEV-JS-4-131 kernel: pci 0000:00:15.2:   bridge window [io  0xc000-0xcfff]
Oct 16 17:17:43 DEV-JS-4-131 kernel: pci 0000:00:15.2:   bridge window [mem 0xfcc00000-0xfccfffff]
Oct 16 17:17:43 DEV-JS-4-131 kernel: pci 0000:00:15.2:   bridge window [mem 0xe7400000-0xe74fffff 64bit pref]
Oct 16 17:17:43 DEV-JS-4-131 kernel: pci 0000:00:15.3: PCI bridge to [bus 06-06]
Oct 16 17:17:43 DEV-JS-4-131 kernel: pci 0000:00:15.3: PCI bridge to [bus 06-06]
Oct 16 17:17:43 DEV-JS-4-131 kernel: pci 0000:00:15.3:   bridge window [io  disabled]
Oct 16 17:17:43 DEV-JS-4-131 kernel: pci 0000:00:15.3:   bridge window [mem 0xfc800000-0xfc8fffff]
Oct 16 17:17:43 DEV-JS-4-131 kernel: pci 0000:00:15.3:   bridge window [mem 0xe7000000-0xe70fffff 64bit pref]
Oct 16 17:17:43 DEV-JS-4-131 kernel: pci 0000:00:15.4: PCI bridge to [bus 07-07]
Oct 16 17:17:43 DEV-JS-4-131 kernel: pci 0000:00:15.4: PCI bridge to [bus 07-07]
Oct 16 17:17:43 DEV-JS-4-131 kernel: pci 0000:00:15.4:   bridge window [io  disabled]
Oct 16 17:17:43 DEV-JS-4-131 kernel: pci 0000:00:15.4:   bridge window [mem 0xfc400000-0xfc4fffff]
Oct 16 17:17:43 DEV-JS-4-131 kernel: pci 0000:00:15.4:   bridge window [mem 0xe6c00000-0xe6cfffff 64bit pref]
Oct 16 17:17:43 DEV-JS-4-131 kernel: pci 0000:00:15.5: PCI bridge to [bus 08-08]
Oct 16 17:17:43 DEV-JS-4-131 kernel: pci 0000:00:15.5: PCI bridge to [bus 08-08]
Oct 16 17:17:43 DEV-JS-4-131 kernel: pci 0000:00:15.5:   bridge window [io  disabled]
Oct 16 17:17:43 DEV-JS-4-131 kernel: pci 0000:00:15.5:   bridge window [mem 0xfc000000-0xfc0fffff]
Oct 16 17:17:43 DEV-JS-4-131 kernel: pci 0000:00:15.5:   bridge window [mem 0xe6800000-0xe68fffff 64bit pref]
Oct 16 17:17:43 DEV-JS-4-131 kernel: pci 0000:00:15.6: PCI bridge to [bus 09-09]
Oct 16 17:17:43 DEV-JS-4-131 kernel: pci 0000:00:15.6: PCI bridge to [bus 09-09]
Oct 16 17:17:43 DEV-JS-4-131 kernel: pci 0000:00:15.6:   bridge window [io  disabled]
Oct 16 17:17:43 DEV-JS-4-131 kernel: pci 0000:00:15.6:   bridge window [mem 0xfbc00000-0xfbcfffff]
Oct 16 17:17:43 DEV-JS-4-131 kernel: pci 0000:00:15.6:   bridge window [mem 0xe6400000-0xe64fffff 64bit pref]
Oct 16 17:17:43 DEV-JS-4-131 kernel: pci 0000:00:15.7: PCI bridge to [bus 0a-0a]
Oct 16 17:17:43 DEV-JS-4-131 kernel: pci 0000:00:15.7: PCI bridge to [bus 0a-0a]
Oct 16 17:17:43 DEV-JS-4-131 kernel: pci 0000:00:15.7:   bridge window [io  disabled]
Oct 16 17:17:43 DEV-JS-4-131 kernel: pci 0000:00:15.7:   bridge window [mem 0xfb800000-0xfb8fffff]
Oct 16 17:17:43 DEV-JS-4-131 kernel: pci 0000:00:15.7:   bridge window [mem 0xe6000000-0xe60fffff 64bit pref]
Oct 16 17:17:43 DEV-JS-4-131 kernel: pci 0000:0b:00.0: BAR 6: assigned [mem 0xc0100000-0xc010ffff pref]
Oct 16 17:17:43 DEV-JS-4-131 kernel: pci 0000:00:16.0: PCI bridge to [bus 0b-0b]
Oct 16 17:17:43 DEV-JS-4-131 kernel: pci 0000:00:16.0: PCI bridge to [bus 0b-0b]
Oct 16 17:17:43 DEV-JS-4-131 kernel: pci 0000:00:16.0:   bridge window [io  0x5000-0x5fff]
Oct 16 17:17:43 DEV-JS-4-131 kernel: pci 0000:00:16.0:   bridge window [mem 0xfd300000-0xfd3fffff]
Oct 16 17:17:43 DEV-JS-4-131 kernel: pci 0000:00:16.0:   bridge window [mem 0xc0100000-0xc01fffff pref]
Oct 16 17:17:43 DEV-JS-4-131 kernel: pci 0000:00:16.1: PCI bridge to [bus 0c-0c]
Oct 16 17:17:43 DEV-JS-4-131 kernel: pci 0000:00:16.1: PCI bridge to [bus 0c-0c]
Oct 16 17:17:43 DEV-JS-4-131 kernel: pci 0000:00:16.1:   bridge window [io  0x9000-0x9fff]
Oct 16 17:17:43 DEV-JS-4-131 kernel: pci 0000:00:16.1:   bridge window [mem 0xfcf00000-0xfcffffff]
Oct 16 17:17:43 DEV-JS-4-131 kernel: pci 0000:00:16.1:   bridge window [mem 0xe7700000-0xe77fffff 64bit pref]
Oct 16 17:17:43 DEV-JS-4-131 kernel: pci 0000:00:16.2: PCI bridge to [bus 0d-0d]
Oct 16 17:17:43 DEV-JS-4-131 kernel: pci 0000:00:16.2: PCI bridge to [bus 0d-0d]
Oct 16 17:17:43 DEV-JS-4-131 kernel: pci 0000:00:16.2:   bridge window [io  0xd000-0xdfff]
Oct 16 17:17:43 DEV-JS-4-131 kernel: pci 0000:00:16.2:   bridge window [mem 0xfcb00000-0xfcbfffff]
Oct 16 17:17:43 DEV-JS-4-131 kernel: pci 0000:00:16.2:   bridge window [mem 0xe7300000-0xe73fffff 64bit pref]
Oct 16 17:17:43 DEV-JS-4-131 kernel: pci 0000:00:16.3: PCI bridge to [bus 0e-0e]
Oct 16 17:17:43 DEV-JS-4-131 kernel: pci 0000:00:16.3: PCI bridge to [bus 0e-0e]
Oct 16 17:17:43 DEV-JS-4-131 kernel: pci 0000:00:16.3:   bridge window [io  disabled]
Oct 16 17:17:43 DEV-JS-4-131 kernel: pci 0000:00:16.3:   bridge window [mem 0xfc700000-0xfc7fffff]
Oct 16 17:17:43 DEV-JS-4-131 kernel: pci 0000:00:16.3:   bridge window [mem 0xe6f00000-0xe6ffffff 64bit pref]
Oct 16 17:17:43 DEV-JS-4-131 kernel: pci 0000:00:16.4: PCI bridge to [bus 0f-0f]
Oct 16 17:17:43 DEV-JS-4-131 kernel: pci 0000:00:16.4: PCI bridge to [bus 0f-0f]
Oct 16 17:17:43 DEV-JS-4-131 kernel: pci 0000:00:16.4:   bridge window [io  disabled]
Oct 16 17:17:43 DEV-JS-4-131 kernel: pci 0000:00:16.4:   bridge window [mem 0xfc300000-0xfc3fffff]
Oct 16 17:17:43 DEV-JS-4-131 kernel: pci 0000:00:16.4:   bridge window [mem 0xe6b00000-0xe6bfffff 64bit pref]
Oct 16 17:17:43 DEV-JS-4-131 kernel: pci 0000:00:16.5: PCI bridge to [bus 10-10]
Oct 16 17:17:43 DEV-JS-4-131 kernel: pci 0000:00:16.5: PCI bridge to [bus 10-10]
Oct 16 17:17:43 DEV-JS-4-131 kernel: pci 0000:00:16.5:   bridge window [io  disabled]
Oct 16 17:17:43 DEV-JS-4-131 kernel: pci 0000:00:16.5:   bridge window [mem 0xfbf00000-0xfbffffff]
Oct 16 17:17:43 DEV-JS-4-131 kernel: pci 0000:00:16.5:   bridge window [mem 0xe6700000-0xe67fffff 64bit pref]
Oct 16 17:17:43 DEV-JS-4-131 kernel: pci 0000:00:16.6: PCI bridge to [bus 11-11]
Oct 16 17:17:43 DEV-JS-4-131 kernel: pci 0000:00:16.6: PCI bridge to [bus 11-11]
Oct 16 17:17:43 DEV-JS-4-131 kernel: pci 0000:00:16.6:   bridge window [io  disabled]
Oct 16 17:17:43 DEV-JS-4-131 kernel: pci 0000:00:16.6:   bridge window [mem 0xfbb00000-0xfbbfffff]
Oct 16 17:17:43 DEV-JS-4-131 kernel: pci 0000:00:16.6:   bridge window [mem 0xe6300000-0xe63fffff 64bit pref]
Oct 16 17:17:43 DEV-JS-4-131 kernel: pci 0000:00:16.7: PCI bridge to [bus 12-12]
Oct 16 17:17:43 DEV-JS-4-131 kernel: pci 0000:00:16.7: PCI bridge to [bus 12-12]
Oct 16 17:17:43 DEV-JS-4-131 kernel: pci 0000:00:16.7:   bridge window [io  disabled]
Oct 16 17:17:43 DEV-JS-4-131 kernel: pci 0000:00:16.7:   bridge window [mem 0xfb700000-0xfb7fffff]
Oct 16 17:17:43 DEV-JS-4-131 kernel: pci 0000:00:16.7:   bridge window [mem 0xe5f00000-0xe5ffffff 64bit pref]
Oct 16 17:17:43 DEV-JS-4-131 kernel: pci 0000:00:17.0: PCI bridge to [bus 13-13]
Oct 16 17:17:43 DEV-JS-4-131 kernel: pci 0000:00:17.0: PCI bridge to [bus 13-13]
Oct 16 17:17:43 DEV-JS-4-131 kernel: pci 0000:00:17.0:   bridge window [io  0x6000-0x6fff]
Oct 16 17:17:43 DEV-JS-4-131 kernel: pci 0000:00:17.0:   bridge window [mem 0xfd200000-0xfd2fffff]
Oct 16 17:17:43 DEV-JS-4-131 kernel: pci 0000:00:17.0:   bridge window [mem 0xe7a00000-0xe7afffff 64bit pref]
Oct 16 17:17:43 DEV-JS-4-131 kernel: pci 0000:00:17.1: PCI bridge to [bus 14-14]
Oct 16 17:17:43 DEV-JS-4-131 kernel: pci 0000:00:17.1: PCI bridge to [bus 14-14]
Oct 16 17:17:43 DEV-JS-4-131 kernel: pci 0000:00:17.1:   bridge window [io  0xa000-0xafff]
Oct 16 17:17:43 DEV-JS-4-131 kernel: pci 0000:00:17.1:   bridge window [mem 0xfce00000-0xfcefffff]
Oct 16 17:17:43 DEV-JS-4-131 kernel: pci 0000:00:17.1:   bridge window [mem 0xe7600000-0xe76fffff 64bit pref]
Oct 16 17:17:43 DEV-JS-4-131 kernel: pci 0000:00:17.2: PCI bridge to [bus 15-15]
Oct 16 17:17:43 DEV-JS-4-131 kernel: pci 0000:00:17.2: PCI bridge to [bus 15-15]
Oct 16 17:17:43 DEV-JS-4-131 kernel: pci 0000:00:17.2:   bridge window [io  0xe000-0xefff]
Oct 16 17:17:43 DEV-JS-4-131 kernel: pci 0000:00:17.2:   bridge window [mem 0xfca00000-0xfcafffff]
Oct 16 17:17:43 DEV-JS-4-131 kernel: pci 0000:00:17.2:   bridge window [mem 0xe7200000-0xe72fffff 64bit pref]
Oct 16 17:17:43 DEV-JS-4-131 kernel: pci 0000:00:17.3: PCI bridge to [bus 16-16]
Oct 16 17:17:43 DEV-JS-4-131 kernel: pci 0000:00:17.3: PCI bridge to [bus 16-16]
Oct 16 17:17:43 DEV-JS-4-131 kernel: pci 0000:00:17.3:   bridge window [io  disabled]
Oct 16 17:17:43 DEV-JS-4-131 kernel: pci 0000:00:17.3:   bridge window [mem 0xfc600000-0xfc6fffff]
Oct 16 17:17:43 DEV-JS-4-131 kernel: pci 0000:00:17.3:   bridge window [mem 0xe6e00000-0xe6efffff 64bit pref]
Oct 16 17:17:43 DEV-JS-4-131 kernel: pci 0000:00:17.4: PCI bridge to [bus 17-17]
Oct 16 17:17:43 DEV-JS-4-131 kernel: pci 0000:00:17.4: PCI bridge to [bus 17-17]
Oct 16 17:17:43 DEV-JS-4-131 kernel: pci 0000:00:17.4:   bridge window [io  disabled]
Oct 16 17:17:43 DEV-JS-4-131 kernel: pci 0000:00:17.4:   bridge window [mem 0xfc200000-0xfc2fffff]
Oct 16 17:17:43 DEV-JS-4-131 kernel: pci 0000:00:17.4:   bridge window [mem 0xe6a00000-0xe6afffff 64bit pref]
Oct 16 17:17:43 DEV-JS-4-131 kernel: pci 0000:00:17.5: PCI bridge to [bus 18-18]
Oct 16 17:17:43 DEV-JS-4-131 kernel: pci 0000:00:17.5: PCI bridge to [bus 18-18]
Oct 16 17:17:43 DEV-JS-4-131 kernel: pci 0000:00:17.5:   bridge window [io  disabled]
Oct 16 17:17:43 DEV-JS-4-131 kernel: pci 0000:00:17.5:   bridge window [mem 0xfbe00000-0xfbefffff]
Oct 16 17:17:43 DEV-JS-4-131 kernel: pci 0000:00:17.5:   bridge window [mem 0xe6600000-0xe66fffff 64bit pref]
Oct 16 17:17:43 DEV-JS-4-131 kernel: pci 0000:00:17.6: PCI bridge to [bus 19-19]
Oct 16 17:17:43 DEV-JS-4-131 kernel: pci 0000:00:17.6: PCI bridge to [bus 19-19]
Oct 16 17:17:43 DEV-JS-4-131 kernel: pci 0000:00:17.6:   bridge window [io  disabled]
Oct 16 17:17:43 DEV-JS-4-131 kernel: pci 0000:00:17.6:   bridge window [mem 0xfba00000-0xfbafffff]
Oct 16 17:17:43 DEV-JS-4-131 kernel: pci 0000:00:17.6:   bridge window [mem 0xe6200000-0xe62fffff 64bit pref]
Oct 16 17:17:43 DEV-JS-4-131 kernel: pci 0000:00:17.7: PCI bridge to [bus 1a-1a]
Oct 16 17:17:43 DEV-JS-4-131 kernel: pci 0000:00:17.7: PCI bridge to [bus 1a-1a]
Oct 16 17:17:43 DEV-JS-4-131 kernel: pci 0000:00:17.7:   bridge window [io  disabled]
Oct 16 17:17:43 DEV-JS-4-131 kernel: pci 0000:00:17.7:   bridge window [mem 0xfb600000-0xfb6fffff]
Oct 16 17:17:43 DEV-JS-4-131 kernel: pci 0000:00:17.7:   bridge window [mem 0xe5e00000-0xe5efffff 64bit pref]
Oct 16 17:17:43 DEV-JS-4-131 kernel: pci 0000:00:18.0: PCI bridge to [bus 1b-1b]
Oct 16 17:17:43 DEV-JS-4-131 kernel: pci 0000:00:18.0: PCI bridge to [bus 1b-1b]
Oct 16 17:17:43 DEV-JS-4-131 kernel: pci 0000:00:18.0:   bridge window [io  0x7000-0x7fff]
Oct 16 17:17:43 DEV-JS-4-131 kernel: pci 0000:00:18.0:   bridge window [mem 0xfd100000-0xfd1fffff]
Oct 16 17:17:43 DEV-JS-4-131 kernel: pci 0000:00:18.0:   bridge window [mem 0xe7900000-0xe79fffff 64bit pref]
Oct 16 17:17:43 DEV-JS-4-131 kernel: pci 0000:00:18.1: PCI bridge to [bus 1c-1c]
Oct 16 17:17:43 DEV-JS-4-131 kernel: pci 0000:00:18.1: PCI bridge to [bus 1c-1c]
Oct 16 17:17:43 DEV-JS-4-131 kernel: pci 0000:00:18.1:   bridge window [io  0xb000-0xbfff]
Oct 16 17:17:43 DEV-JS-4-131 kernel: pci 0000:00:18.1:   bridge window [mem 0xfcd00000-0xfcdfffff]
Oct 16 17:17:43 DEV-JS-4-131 kernel: pci 0000:00:18.1:   bridge window [mem 0xe7500000-0xe75fffff 64bit pref]
Oct 16 17:17:43 DEV-JS-4-131 kernel: pci 0000:00:18.2: PCI bridge to [bus 1d-1d]
Oct 16 17:17:43 DEV-JS-4-131 kernel: pci 0000:00:18.2: PCI bridge to [bus 1d-1d]
Oct 16 17:17:43 DEV-JS-4-131 kernel: pci 0000:00:18.2:   bridge window [io  disabled]
Oct 16 17:17:43 DEV-JS-4-131 kernel: pci 0000:00:18.2:   bridge window [mem 0xfc900000-0xfc9fffff]
Oct 16 17:17:43 DEV-JS-4-131 kernel: pci 0000:00:18.2:   bridge window [mem 0xe7100000-0xe71fffff 64bit pref]
Oct 16 17:17:43 DEV-JS-4-131 kernel: pci 0000:00:18.3: PCI bridge to [bus 1e-1e]
Oct 16 17:17:43 DEV-JS-4-131 kernel: pci 0000:00:18.3: PCI bridge to [bus 1e-1e]
Oct 16 17:17:43 DEV-JS-4-131 kernel: pci 0000:00:18.3:   bridge window [io  disabled]
Oct 16 17:17:43 DEV-JS-4-131 kernel: pci 0000:00:18.3:   bridge window [mem 0xfc500000-0xfc5fffff]
Oct 16 17:17:43 DEV-JS-4-131 kernel: pci 0000:00:18.3:   bridge window [mem 0xe6d00000-0xe6dfffff 64bit pref]
Oct 16 17:17:43 DEV-JS-4-131 kernel: pci 0000:00:18.4: PCI bridge to [bus 1f-1f]
Oct 16 17:17:43 DEV-JS-4-131 kernel: pci 0000:00:18.4: PCI bridge to [bus 1f-1f]
Oct 16 17:17:43 DEV-JS-4-131 kernel: pci 0000:00:18.4:   bridge window [io  disabled]
Oct 16 17:17:43 DEV-JS-4-131 kernel: pci 0000:00:18.4:   bridge window [mem 0xfc100000-0xfc1fffff]
Oct 16 17:17:43 DEV-JS-4-131 kernel: pci 0000:00:18.4:   bridge window [mem 0xe6900000-0xe69fffff 64bit pref]
Oct 16 17:17:43 DEV-JS-4-131 kernel: pci 0000:00:18.5: PCI bridge to [bus 20-20]
Oct 16 17:17:43 DEV-JS-4-131 kernel: pci 0000:00:18.5: PCI bridge to [bus 20-20]
Oct 16 17:17:43 DEV-JS-4-131 kernel: pci 0000:00:18.5:   bridge window [io  disabled]
Oct 16 17:17:43 DEV-JS-4-131 kernel: pci 0000:00:18.5:   bridge window [mem 0xfbd00000-0xfbdfffff]
Oct 16 17:17:43 DEV-JS-4-131 kernel: pci 0000:00:18.5:   bridge window [mem 0xe6500000-0xe65fffff 64bit pref]
Oct 16 17:17:43 DEV-JS-4-131 kernel: pci 0000:00:18.6: PCI bridge to [bus 21-21]
Oct 16 17:17:43 DEV-JS-4-131 kernel: pci 0000:00:18.6: PCI bridge to [bus 21-21]
Oct 16 17:17:43 DEV-JS-4-131 kernel: pci 0000:00:18.6:   bridge window [io  disabled]
Oct 16 17:17:43 DEV-JS-4-131 kernel: pci 0000:00:18.6:   bridge window [mem 0xfb900000-0xfb9fffff]
Oct 16 17:17:43 DEV-JS-4-131 kernel: pci 0000:00:18.6:   bridge window [mem 0xe6100000-0xe61fffff 64bit pref]
Oct 16 17:17:43 DEV-JS-4-131 kernel: pci 0000:00:18.7: PCI bridge to [bus 22-22]
Oct 16 17:17:43 DEV-JS-4-131 kernel: pci 0000:00:18.7: PCI bridge to [bus 22-22]
Oct 16 17:17:43 DEV-JS-4-131 kernel: pci 0000:00:18.7:   bridge window [io  disabled]
Oct 16 17:17:43 DEV-JS-4-131 kernel: pci 0000:00:18.7:   bridge window [mem 0xfb500000-0xfb5fffff]
Oct 16 17:17:43 DEV-JS-4-131 kernel: pci 0000:00:18.7:   bridge window [mem 0xe5d00000-0xe5dfffff 64bit pref]
Oct 16 17:17:43 DEV-JS-4-131 kernel: NET: Registered protocol family 2
Oct 16 17:17:43 DEV-JS-4-131 kernel: IP route cache hash table entries: 524288 (order: 10, 4194304 bytes)
Oct 16 17:17:43 DEV-JS-4-131 kernel: TCP established hash table entries: 524288 (order: 11, 8388608 bytes)
Oct 16 17:17:43 DEV-JS-4-131 kernel: TCP bind hash table entries: 65536 (order: 8, 1048576 bytes)
Oct 16 17:17:43 DEV-JS-4-131 kernel: TCP: Hash tables configured (established 524288 bind 65536)
Oct 16 17:17:43 DEV-JS-4-131 kernel: TCP reno registered
Oct 16 17:17:43 DEV-JS-4-131 kernel: NET: Registered protocol family 1
Oct 16 17:17:43 DEV-JS-4-131 kernel: pci 0000:00:00.0: Limiting direct PCI/PCI transfers
Oct 16 17:17:43 DEV-JS-4-131 kernel: Trying to unpack rootfs image as initramfs...
Oct 16 17:17:43 DEV-JS-4-131 kernel: Freeing initrd memory: 17145k freed
Oct 16 17:17:43 DEV-JS-4-131 kernel: Simple Boot Flag at 0x36 set to 0x80
Oct 16 17:17:43 DEV-JS-4-131 kernel: audit: initializing netlink socket (disabled)
Oct 16 17:17:43 DEV-JS-4-131 kernel: type=2000 audit(1508145445.005:1): initialized
Oct 16 17:17:43 DEV-JS-4-131 kernel: HugeTLB registered 2 MB page size, pre-allocated 0 pages
Oct 16 17:17:43 DEV-JS-4-131 kernel: VFS: Disk quotas dquot_6.5.2
Oct 16 17:17:43 DEV-JS-4-131 kernel: Dquot-cache hash table entries: 512 (order 0, 4096 bytes)
Oct 16 17:17:43 DEV-JS-4-131 kernel: msgmni has been set to 32768
Oct 16 17:17:43 DEV-JS-4-131 kernel: alg: No test for stdrng (krng)
Oct 16 17:17:43 DEV-JS-4-131 kernel: ksign: Installing public key data
Oct 16 17:17:43 DEV-JS-4-131 kernel: Loading keyring
Oct 16 17:17:43 DEV-JS-4-131 kernel: - Added public key 888FF77922D7D6E1
Oct 16 17:17:43 DEV-JS-4-131 kernel: - User ID: Red Hat, Inc. (Kernel Module GPG key)
Oct 16 17:17:43 DEV-JS-4-131 kernel: - Added public key D4A26C9CCD09BEDA
Oct 16 17:17:43 DEV-JS-4-131 kernel: - User ID: Red Hat Enterprise Linux Driver Update Program <secalert@redhat.com>
Oct 16 17:17:43 DEV-JS-4-131 kernel: Block layer SCSI generic (bsg) driver version 0.4 loaded (major 251)
Oct 16 17:17:43 DEV-JS-4-131 kernel: io scheduler noop registered
Oct 16 17:17:43 DEV-JS-4-131 kernel: io scheduler anticipatory registered
Oct 16 17:17:43 DEV-JS-4-131 kernel: io scheduler deadline registered
Oct 16 17:17:43 DEV-JS-4-131 kernel: io scheduler cfq registered (default)
Oct 16 17:17:43 DEV-JS-4-131 kernel: pci_hotplug: PCI Hot Plug PCI Core version: 0.5
Oct 16 17:17:43 DEV-JS-4-131 kernel: pciehp 0000:00:15.0:pcie04: HPC vendor_id 15ad device_id 7a0 ss_vid 0 ss_did 0
Oct 16 17:17:43 DEV-JS-4-131 kernel: pciehp 0000:00:15.1:pcie04: HPC vendor_id 15ad device_id 7a0 ss_vid 0 ss_did 0
Oct 16 17:17:43 DEV-JS-4-131 kernel: pciehp 0000:00:15.2:pcie04: HPC vendor_id 15ad device_id 7a0 ss_vid 0 ss_did 0
Oct 16 17:17:43 DEV-JS-4-131 kernel: pciehp 0000:00:15.3:pcie04: HPC vendor_id 15ad device_id 7a0 ss_vid 0 ss_did 0
Oct 16 17:17:43 DEV-JS-4-131 kernel: pciehp 0000:00:15.4:pcie04: HPC vendor_id 15ad device_id 7a0 ss_vid 0 ss_did 0
Oct 16 17:17:43 DEV-JS-4-131 kernel: pciehp 0000:00:15.5:pcie04: HPC vendor_id 15ad device_id 7a0 ss_vid 0 ss_did 0
Oct 16 17:17:43 DEV-JS-4-131 kernel: pciehp 0000:00:15.6:pcie04: HPC vendor_id 15ad device_id 7a0 ss_vid 0 ss_did 0
Oct 16 17:17:43 DEV-JS-4-131 kernel: pciehp 0000:00:15.7:pcie04: HPC vendor_id 15ad device_id 7a0 ss_vid 0 ss_did 0
Oct 16 17:17:43 DEV-JS-4-131 kernel: pciehp 0000:00:16.0:pcie04: HPC vendor_id 15ad device_id 7a0 ss_vid 0 ss_did 0
Oct 16 17:17:43 DEV-JS-4-131 kernel: pciehp 0000:00:16.1:pcie04: HPC vendor_id 15ad device_id 7a0 ss_vid 0 ss_did 0
Oct 16 17:17:43 DEV-JS-4-131 kernel: pciehp 0000:00:16.2:pcie04: HPC vendor_id 15ad device_id 7a0 ss_vid 0 ss_did 0
Oct 16 17:17:43 DEV-JS-4-131 kernel: pciehp 0000:00:16.3:pcie04: HPC vendor_id 15ad device_id 7a0 ss_vid 0 ss_did 0
Oct 16 17:17:43 DEV-JS-4-131 kernel: pciehp 0000:00:16.4:pcie04: HPC vendor_id 15ad device_id 7a0 ss_vid 0 ss_did 0
Oct 16 17:17:43 DEV-JS-4-131 kernel: pciehp 0000:00:16.5:pcie04: HPC vendor_id 15ad device_id 7a0 ss_vid 0 ss_did 0
Oct 16 17:17:43 DEV-JS-4-131 kernel: pciehp 0000:00:16.6:pcie04: HPC vendor_id 15ad device_id 7a0 ss_vid 0 ss_did 0
Oct 16 17:17:43 DEV-JS-4-131 kernel: pciehp 0000:00:16.7:pcie04: HPC vendor_id 15ad device_id 7a0 ss_vid 0 ss_did 0
Oct 16 17:17:43 DEV-JS-4-131 kernel: pciehp 0000:00:17.0:pcie04: HPC vendor_id 15ad device_id 7a0 ss_vid 0 ss_did 0
Oct 16 17:17:43 DEV-JS-4-131 kernel: pciehp 0000:00:17.1:pcie04: HPC vendor_id 15ad device_id 7a0 ss_vid 0 ss_did 0
Oct 16 17:17:43 DEV-JS-4-131 kernel: pciehp 0000:00:17.2:pcie04: HPC vendor_id 15ad device_id 7a0 ss_vid 0 ss_did 0
Oct 16 17:17:43 DEV-JS-4-131 kernel: pciehp 0000:00:17.3:pcie04: HPC vendor_id 15ad device_id 7a0 ss_vid 0 ss_did 0
Oct 16 17:17:43 DEV-JS-4-131 kernel: pciehp 0000:00:17.4:pcie04: HPC vendor_id 15ad device_id 7a0 ss_vid 0 ss_did 0
Oct 16 17:17:43 DEV-JS-4-131 kernel: pciehp 0000:00:17.5:pcie04: HPC vendor_id 15ad device_id 7a0 ss_vid 0 ss_did 0
Oct 16 17:17:43 DEV-JS-4-131 kernel: pciehp 0000:00:17.6:pcie04: HPC vendor_id 15ad device_id 7a0 ss_vid 0 ss_did 0
Oct 16 17:17:43 DEV-JS-4-131 kernel: pciehp 0000:00:17.7:pcie04: HPC vendor_id 15ad device_id 7a0 ss_vid 0 ss_did 0
Oct 16 17:17:43 DEV-JS-4-131 kernel: pciehp 0000:00:18.0:pcie04: HPC vendor_id 15ad device_id 7a0 ss_vid 0 ss_did 0
Oct 16 17:17:43 DEV-JS-4-131 kernel: pciehp 0000:00:18.1:pcie04: HPC vendor_id 15ad device_id 7a0 ss_vid 0 ss_did 0
Oct 16 17:17:43 DEV-JS-4-131 kernel: pciehp 0000:00:18.2:pcie04: HPC vendor_id 15ad device_id 7a0 ss_vid 0 ss_did 0
Oct 16 17:17:43 DEV-JS-4-131 kernel: pciehp 0000:00:18.3:pcie04: HPC vendor_id 15ad device_id 7a0 ss_vid 0 ss_did 0
Oct 16 17:17:43 DEV-JS-4-131 kernel: pciehp 0000:00:18.4:pcie04: HPC vendor_id 15ad device_id 7a0 ss_vid 0 ss_did 0
Oct 16 17:17:43 DEV-JS-4-131 kernel: pciehp 0000:00:18.5:pcie04: HPC vendor_id 15ad device_id 7a0 ss_vid 0 ss_did 0
Oct 16 17:17:43 DEV-JS-4-131 kernel: pciehp 0000:00:18.6:pcie04: HPC vendor_id 15ad device_id 7a0 ss_vid 0 ss_did 0
Oct 16 17:17:43 DEV-JS-4-131 kernel: pciehp 0000:00:18.7:pcie04: HPC vendor_id 15ad device_id 7a0 ss_vid 0 ss_did 0
Oct 16 17:17:43 DEV-JS-4-131 kernel: pciehp: PCI Express Hot Plug Controller Driver version: 0.4
Oct 16 17:17:43 DEV-JS-4-131 kernel: acpiphp: ACPI Hot Plug PCI Controller Driver version: 0.5
Oct 16 17:17:43 DEV-JS-4-131 kernel: acpiphp: Slot [32] registered
Oct 16 17:17:43 DEV-JS-4-131 kernel: acpiphp: Slot [33] registered
Oct 16 17:17:43 DEV-JS-4-131 kernel: acpiphp: Slot [34] registered
Oct 16 17:17:43 DEV-JS-4-131 kernel: acpiphp: Slot [35] registered
Oct 16 17:17:43 DEV-JS-4-131 kernel: acpiphp: Slot [36] registered
Oct 16 17:17:43 DEV-JS-4-131 kernel: acpiphp: Slot [37] registered
Oct 16 17:17:43 DEV-JS-4-131 kernel: acpiphp: Slot [38] registered
Oct 16 17:17:43 DEV-JS-4-131 kernel: acpiphp: Slot [39] registered
Oct 16 17:17:43 DEV-JS-4-131 kernel: acpiphp: Slot [40] registered
Oct 16 17:17:43 DEV-JS-4-131 kernel: acpiphp: Slot [41] registered
Oct 16 17:17:43 DEV-JS-4-131 kernel: acpiphp: Slot [42] registered
Oct 16 17:17:43 DEV-JS-4-131 kernel: acpiphp: Slot [43] registered
Oct 16 17:17:43 DEV-JS-4-131 kernel: acpiphp: Slot [44] registered
Oct 16 17:17:43 DEV-JS-4-131 kernel: acpiphp: Slot [45] registered
Oct 16 17:17:43 DEV-JS-4-131 kernel: acpiphp: Slot [46] registered
Oct 16 17:17:43 DEV-JS-4-131 kernel: acpiphp: Slot [47] registered
Oct 16 17:17:43 DEV-JS-4-131 kernel: acpiphp: Slot [48] registered
Oct 16 17:17:43 DEV-JS-4-131 kernel: acpiphp: Slot [49] registered
Oct 16 17:17:43 DEV-JS-4-131 kernel: acpiphp: Slot [50] registered
Oct 16 17:17:43 DEV-JS-4-131 kernel: acpiphp: Slot [51] registered
Oct 16 17:17:43 DEV-JS-4-131 kernel: acpiphp: Slot [52] registered
Oct 16 17:17:43 DEV-JS-4-131 kernel: acpiphp: Slot [53] registered
Oct 16 17:17:43 DEV-JS-4-131 kernel: acpiphp: Slot [54] registered
Oct 16 17:17:43 DEV-JS-4-131 kernel: acpiphp: Slot [55] registered
Oct 16 17:17:43 DEV-JS-4-131 kernel: acpiphp: Slot [56] registered
Oct 16 17:17:43 DEV-JS-4-131 kernel: acpiphp: Slot [57] registered
Oct 16 17:17:43 DEV-JS-4-131 kernel: acpiphp: Slot [58] registered
Oct 16 17:17:43 DEV-JS-4-131 kernel: acpiphp: Slot [59] registered
Oct 16 17:17:43 DEV-JS-4-131 kernel: acpiphp: Slot [60] registered
Oct 16 17:17:43 DEV-JS-4-131 kernel: acpiphp: Slot [61] registered
Oct 16 17:17:43 DEV-JS-4-131 kernel: acpiphp: Slot [62] registered
Oct 16 17:17:43 DEV-JS-4-131 kernel: acpiphp: Slot [63] registered
Oct 16 17:17:43 DEV-JS-4-131 kernel: acpiphp_glue: Slot 160 already registered by another hotplug driver
Oct 16 17:17:43 DEV-JS-4-131 kernel: acpiphp_glue: Slot 192 already registered by another hotplug driver
Oct 16 17:17:43 DEV-JS-4-131 kernel: acpiphp_glue: Slot 224 already registered by another hotplug driver
Oct 16 17:17:43 DEV-JS-4-131 kernel: acpiphp_glue: Slot 256 already registered by another hotplug driver
Oct 16 17:17:43 DEV-JS-4-131 kernel: acpiphp_glue: Slot 161 already registered by another hotplug driver
Oct 16 17:17:43 DEV-JS-4-131 kernel: acpiphp_glue: Slot 162 already registered by another hotplug driver
Oct 16 17:17:43 DEV-JS-4-131 kernel: acpiphp_glue: Slot 163 already registered by another hotplug driver
Oct 16 17:17:43 DEV-JS-4-131 kernel: acpiphp_glue: Slot 164 already registered by another hotplug driver
Oct 16 17:17:43 DEV-JS-4-131 kernel: acpiphp_glue: Slot 165 already registered by another hotplug driver
Oct 16 17:17:43 DEV-JS-4-131 kernel: acpiphp_glue: Slot 166 already registered by another hotplug driver
Oct 16 17:17:43 DEV-JS-4-131 kernel: acpiphp_glue: Slot 167 already registered by another hotplug driver
Oct 16 17:17:43 DEV-JS-4-131 kernel: acpiphp_glue: Slot 193 already registered by another hotplug driver
Oct 16 17:17:43 DEV-JS-4-131 kernel: acpiphp_glue: Slot 194 already registered by another hotplug driver
Oct 16 17:17:43 DEV-JS-4-131 kernel: acpiphp_glue: Slot 195 already registered by another hotplug driver
Oct 16 17:17:43 DEV-JS-4-131 kernel: acpiphp_glue: Slot 196 already registered by another hotplug driver
Oct 16 17:17:43 DEV-JS-4-131 kernel: acpiphp_glue: Slot 197 already registered by another hotplug driver
Oct 16 17:17:43 DEV-JS-4-131 kernel: acpiphp_glue: Slot 198 already registered by another hotplug driver
Oct 16 17:17:43 DEV-JS-4-131 kernel: acpiphp_glue: Slot 199 already registered by another hotplug driver
Oct 16 17:17:43 DEV-JS-4-131 kernel: acpiphp_glue: Slot 225 already registered by another hotplug driver
Oct 16 17:17:43 DEV-JS-4-131 kernel: acpiphp_glue: Slot 226 already registered by another hotplug driver
Oct 16 17:17:43 DEV-JS-4-131 kernel: acpiphp_glue: Slot 227 already registered by another hotplug driver
Oct 16 17:17:43 DEV-JS-4-131 kernel: acpiphp_glue: Slot 228 already registered by another hotplug driver
Oct 16 17:17:43 DEV-JS-4-131 kernel: acpiphp_glue: Slot 229 already registered by another hotplug driver
Oct 16 17:17:43 DEV-JS-4-131 kernel: acpiphp_glue: Slot 230 already registered by another hotplug driver
Oct 16 17:17:43 DEV-JS-4-131 kernel: acpiphp_glue: Slot 231 already registered by another hotplug driver
Oct 16 17:17:43 DEV-JS-4-131 kernel: acpiphp_glue: Slot 257 already registered by another hotplug driver
Oct 16 17:17:43 DEV-JS-4-131 kernel: acpiphp_glue: Slot 258 already registered by another hotplug driver
Oct 16 17:17:43 DEV-JS-4-131 kernel: acpiphp_glue: Slot 259 already registered by another hotplug driver
Oct 16 17:17:43 DEV-JS-4-131 kernel: acpiphp_glue: Slot 260 already registered by another hotplug driver
Oct 16 17:17:43 DEV-JS-4-131 kernel: acpiphp_glue: Slot 261 already registered by another hotplug driver
Oct 16 17:17:43 DEV-JS-4-131 kernel: acpiphp_glue: Slot 262 already registered by another hotplug driver
Oct 16 17:17:43 DEV-JS-4-131 kernel: acpiphp_glue: Slot 263 already registered by another hotplug driver
Oct 16 17:17:43 DEV-JS-4-131 kernel: ipmi message handler version 39.2
Oct 16 17:17:43 DEV-JS-4-131 kernel: IPMI System Interface driver.
Oct 16 17:17:43 DEV-JS-4-131 kernel: ipmi_si: Adding default-specified kcs state machine
Oct 16 17:17:43 DEV-JS-4-131 kernel: ipmi_si: Trying default-specified kcs state machine at i/o address 0xca2, slave address 0x0, irq 0
Oct 16 17:17:43 DEV-JS-4-131 kernel: ipmi_si: Interface detection failed
Oct 16 17:17:43 DEV-JS-4-131 kernel: ipmi_si: Adding default-specified smic state machine
Oct 16 17:17:43 DEV-JS-4-131 kernel: ipmi_si: Trying default-specified smic state machine at i/o address 0xca9, slave address 0x0, irq 0
Oct 16 17:17:43 DEV-JS-4-131 kernel: ipmi_si: Interface detection failed
Oct 16 17:17:43 DEV-JS-4-131 kernel: ipmi_si: Adding default-specified bt state machine
Oct 16 17:17:43 DEV-JS-4-131 kernel: ipmi_si: Trying default-specified bt state machine at i/o address 0xe4, slave address 0x0, irq 0
Oct 16 17:17:43 DEV-JS-4-131 kernel: ipmi_si: Interface detection failed
Oct 16 17:17:43 DEV-JS-4-131 kernel: ipmi_si: Unable to find any System Interface(s)
Oct 16 17:17:43 DEV-JS-4-131 kernel: ACPI: AC Adapter [ACAD] (on-line)
Oct 16 17:17:43 DEV-JS-4-131 kernel: input: Power Button as /devices/LNXSYSTM:00/LNXPWRBN:00/input/input0
Oct 16 17:17:43 DEV-JS-4-131 kernel: ACPI: Power Button [PWRF]
Oct 16 17:17:43 DEV-JS-4-131 kernel: Refined TSC clocksource calibration: 2394.450 MHz.
Oct 16 17:17:43 DEV-JS-4-131 kernel: Switching to clocksource tsc
Oct 16 17:17:43 DEV-JS-4-131 kernel: ACPI Exception: AE_NOT_FOUND, No or invalid critical threshold (20090903/thermal-386)
Oct 16 17:17:43 DEV-JS-4-131 kernel: GHES: HEST is not enabled!
Oct 16 17:17:43 DEV-JS-4-131 kernel: Non-volatile memory driver v1.3
Oct 16 17:17:43 DEV-JS-4-131 kernel: Linux agpgart interface v0.103
Oct 16 17:17:43 DEV-JS-4-131 kernel: agpgart-intel 0000:00:00.0: Intel 440BX Chipset
Oct 16 17:17:43 DEV-JS-4-131 kernel: agpgart-intel 0000:00:00.0: AGP aperture is 256M @ 0x0
Oct 16 17:17:43 DEV-JS-4-131 kernel: crash memory driver: version 1.1
Oct 16 17:17:43 DEV-JS-4-131 kernel: Serial: 8250/16550 driver, 4 ports, IRQ sharing enabled
Oct 16 17:17:43 DEV-JS-4-131 kernel: brd: module loaded
Oct 16 17:17:43 DEV-JS-4-131 kernel: loop: module loaded
Oct 16 17:17:43 DEV-JS-4-131 kernel: input: Macintosh mouse button emulation as /devices/virtual/input/input1
Oct 16 17:17:43 DEV-JS-4-131 kernel: Fixed MDIO Bus: probed
Oct 16 17:17:43 DEV-JS-4-131 kernel: ehci_hcd: USB 2.0 'Enhanced' Host Controller (EHCI) Driver
Oct 16 17:17:43 DEV-JS-4-131 kernel: ohci_hcd: USB 1.1 'Open' Host Controller (OHCI) Driver
Oct 16 17:17:43 DEV-JS-4-131 kernel: uhci_hcd: USB Universal Host Controller Interface driver
Oct 16 17:17:43 DEV-JS-4-131 kernel: PNP: PS/2 Controller [PNP0303:KBC,PNP0f13:MOUS] at 0x60,0x64 irq 1,12
Oct 16 17:17:43 DEV-JS-4-131 kernel: serio: i8042 KBD port at 0x60,0x64 irq 1
Oct 16 17:17:43 DEV-JS-4-131 kernel: serio: i8042 AUX port at 0x60,0x64 irq 12
Oct 16 17:17:43 DEV-JS-4-131 kernel: mice: PS/2 mouse device common for all mice
Oct 16 17:17:43 DEV-JS-4-131 kernel: rtc_cmos 00:04: rtc core: registered rtc_cmos as rtc0
Oct 16 17:17:43 DEV-JS-4-131 kernel: rtc0: alarms up to one month, y3k, 114 bytes nvram, hpet irqs
Oct 16 17:17:43 DEV-JS-4-131 kernel: cpuidle: using governor ladder
Oct 16 17:17:43 DEV-JS-4-131 kernel: cpuidle: using governor menu
Oct 16 17:17:43 DEV-JS-4-131 kernel: EFI Variables Facility v0.08 2004-May-17
Oct 16 17:17:43 DEV-JS-4-131 kernel: usbcore: registered new interface driver hiddev
Oct 16 17:17:43 DEV-JS-4-131 kernel: usbcore: registered new interface driver usbhid
Oct 16 17:17:43 DEV-JS-4-131 kernel: usbhid: v2.6:USB HID core driver
Oct 16 17:17:43 DEV-JS-4-131 kernel: GRE over IPv4 demultiplexor driver
Oct 16 17:17:43 DEV-JS-4-131 kernel: TCP cubic registered
Oct 16 17:17:43 DEV-JS-4-131 kernel: Initializing XFRM netlink socket
Oct 16 17:17:43 DEV-JS-4-131 kernel: NET: Registered protocol family 17
Oct 16 17:17:43 DEV-JS-4-131 kernel: registered taskstats version 1
Oct 16 17:17:43 DEV-JS-4-131 kernel: input: AT Translated Set 2 keyboard as /devices/platform/i8042/serio0/input/input2
Oct 16 17:17:43 DEV-JS-4-131 kernel: input: ImPS/2 Generic Wheel Mouse as /devices/platform/i8042/serio1/input/input3
